<html>
<body>
<pre>
<h1>µVision Build Log</h1>
<h2>Tool Versions:</h2>
IDE-Version: µVision V5.23.0.0
Copyright (C) 2017 ARM Ltd and ARM Germany GmbH. All rights reserved.
License Information: Zhi Yun Yap, HKUST, LIC=----
 
Tool Versions:
Toolchain:       MDK-Lite  Version: 5.23
Toolchain Path:  C:\Keil_v5\ARM\ARMCC\Bin
C Compiler:      Armcc.exe V5.06 update 4 (build 422)
Assembler:       Armasm.exe V5.06 update 4 (build 422)
Linker/Locator:  ArmLink.exe V5.06 update 4 (build 422)
Library Manager: ArmAr.exe V5.06 update 4 (build 422)
Hex Converter:   FromElf.exe V5.06 update 4 (build 422)
CPU DLL:         SARMCM3.DLL V5.23
Dialog DLL:      DCM.DLL V1.15.0.0
Target DLL:      CMSIS_AGDI.dll V1.27.5.0
Dialog DLL:      TCM.DLL V1.27.0.0
 
<h2>Project:</h2>
C:\Users\zhiyu\Desktop\elec3300-watch_winder\MDK-ARM\elec3300_project.uvprojx
Project File Date:  04/19/2021

<h2>Output:</h2>
*** Using Compiler 'V5.06 update 4 (build 422)', folder: 'C:\Keil_v5\ARM\ARMCC\Bin'
Rebuild target 'elec3300_project'
assembling startup_stm32f103xe.s...
compiling stm32f1xx_it.c...
compiling stm32f1xx_hal_msp.c...
compiling main.c...
../Src/main.c(183): warning:  #186-D: pointless comparison of unsigned integer with zero
  				else if (coords.y >= 180 && coords.y <= 250 && coords.x >= 0 && coords.x <= 50){			// 320-180, 320-320
../Src/main.c(232): warning:  #186-D: pointless comparison of unsigned integer with zero
  				else if (coords.y >= 180 && coords.y <= 250 && coords.x >= 0 && coords.x <= 50){			// 320-180, 320-320
../Src/main.c: 2 warnings, 0 errors
compiling stm32f1xx_hal_gpio_ex.c...
compiling lcdtp.c...
compiling xpt2046.c...
..\Src\xpt2046.c(418): warning:  #223-D: function "LCD_DrawString_Color" declared implicitly
        LCD_DrawString_Color ( ( usScreenWidth - ( strlen ( pStr ) - 7 ) * WIDTH_EN_CHAR ) >> 1, usScreenHeigth >> 1, pStr, BACKGROUND, RED );			
..\Src\xpt2046.c(462): warning:  #223-D: function "LCD_DrawString_Color" declared implicitly
  	LCD_DrawString_Color ( ( usScreenWidth - strlen ( pStr ) * WIDTH_EN_CHAR ) >> 1, usScreenHeigth >> 1, pStr, BACKGROUND, RED );	
..\Src\xpt2046.c: 2 warnings, 0 errors
compiling stm32f1xx_hal_tim.c...
compiling stm32f1xx_hal_sram.c...
compiling stm32f1xx_ll_fsmc.c...
compiling stm32f1xx_hal_tim_ex.c...
compiling stm32f1xx_hal.c...
compiling stm32f1xx_hal_rcc.c...
compiling stm32f1xx_hal_rcc_ex.c...
compiling stm32f1xx_hal_gpio.c...
compiling stm32f1xx_hal_dma.c...
compiling stm32f1xx_hal_pwr.c...
compiling stm32f1xx_hal_cortex.c...
compiling stm32f1xx_hal_flash.c...
compiling system_stm32f1xx.c...
compiling stm32f1xx_hal_flash_ex.c...
linking...
Program Size: Code=10880 RO-data=1956 RW-data=184 ZI-data=1096  
FromELF: creating hex file...
"elec3300_project\elec3300_project.axf" - 0 Error(s), 4 Warning(s).

<h2>Software Packages used:</h2>

Package Vendor: ARM
                http://www.keil.com/pack/ARM.CMSIS.5.0.1.pack
                ARM::CMSIS:CORE:5.0.1
                CMSIS (Cortex Microcontroller Software Interface Standard)
   * Component: CORE Version: 5.0.1

<h2>Collection of Component include folders:</h2>
  .\RTE\_elec3300_project
  C:\Keil_v5\ARM\PACK\ARM\CMSIS\5.0.1\CMSIS\Include
  C:\Keil_v5\ARM\PACK\Keil\STM32F1xx_DFP\2.3.0\Device\Include

<h2>Collection of Component Files used:</h2>

   * Component: ARM::CMSIS:CORE:5.0.1
Build Time Elapsed:  00:00:15
</pre>
</body>
</html>
