Component: ARM Compiler 5.06 update 4 (build 422) Tool: armlink [4d35d2]

==============================================================================

Section Cross References

    startup_stm32f103xe.o(RESET) refers to startup_stm32f103xe.o(STACK) for __initial_sp
    startup_stm32f103xe.o(RESET) refers to startup_stm32f103xe.o(.text) for Reset_Handler
    startup_stm32f103xe.o(RESET) refers to stm32f1xx_it.o(i.NMI_Handler) for NMI_Handler
    startup_stm32f103xe.o(RESET) refers to stm32f1xx_it.o(i.HardFault_Handler) for HardFault_Handler
    startup_stm32f103xe.o(RESET) refers to stm32f1xx_it.o(i.MemManage_Handler) for MemManage_Handler
    startup_stm32f103xe.o(RESET) refers to stm32f1xx_it.o(i.BusFault_Handler) for BusFault_Handler
    startup_stm32f103xe.o(RESET) refers to stm32f1xx_it.o(i.UsageFault_Handler) for UsageFault_Handler
    startup_stm32f103xe.o(RESET) refers to stm32f1xx_it.o(i.SVC_Handler) for SVC_Handler
    startup_stm32f103xe.o(RESET) refers to stm32f1xx_it.o(i.DebugMon_Handler) for DebugMon_Handler
    startup_stm32f103xe.o(RESET) refers to stm32f1xx_it.o(i.PendSV_Handler) for PendSV_Handler
    startup_stm32f103xe.o(RESET) refers to stm32f1xx_it.o(i.SysTick_Handler) for SysTick_Handler
    startup_stm32f103xe.o(RESET) refers to stm32f1xx_it.o(i.EXTI4_IRQHandler) for EXTI4_IRQHandler
    startup_stm32f103xe.o(RESET) refers to stm32f1xx_it.o(i.EXTI9_5_IRQHandler) for EXTI9_5_IRQHandler
    startup_stm32f103xe.o(.text) refers to system_stm32f1xx.o(i.SystemInit) for SystemInit
    startup_stm32f103xe.o(.text) refers to entry.o(.ARM.Collect$$$$00000000) for __main
    main.o(i.MX_FSMC_Init) refers to memseta.o(.text) for __aeabi_memclr4
    main.o(i.MX_FSMC_Init) refers to stm32f1xx_hal_sram.o(i.HAL_SRAM_Init) for HAL_SRAM_Init
    main.o(i.MX_FSMC_Init) refers to main.o(.bss) for .bss
    main.o(i.MX_GPIO_Init) refers to stm32f1xx_hal_gpio.o(i.HAL_GPIO_WritePin) for HAL_GPIO_WritePin
    main.o(i.MX_GPIO_Init) refers to stm32f1xx_hal_gpio.o(i.HAL_GPIO_Init) for HAL_GPIO_Init
    main.o(i.SystemClock_Config) refers to memseta.o(.text) for __aeabi_memclr4
    main.o(i.SystemClock_Config) refers to stm32f1xx_hal_rcc.o(i.HAL_RCC_OscConfig) for HAL_RCC_OscConfig
    main.o(i.SystemClock_Config) refers to stm32f1xx_hal_rcc.o(i.HAL_RCC_ClockConfig) for HAL_RCC_ClockConfig
    main.o(i.incrementInterruptTimer) refers to main.o(.data) for .data
    main.o(i.inputHour) refers to main.o(i.loadData) for loadData
    main.o(i.inputHour) refers to printfa.o(i.__0sprintf) for __2sprintf
    main.o(i.inputHour) refers to lcdtp.o(i.LCD_DrawString) for LCD_DrawString
    main.o(i.inputHour) refers to lcdtp.o(i.LCD_DrawRectButton) for LCD_DrawRectButton
    main.o(i.inputHour) refers to main.o(i.isTouched) for isTouched
    main.o(i.inputHour) refers to xpt2046.o(i.XPT2046_Get_TouchedPoint) for XPT2046_Get_TouchedPoint
    main.o(i.inputHour) refers to dadd.o(.text) for __aeabi_dsub
    main.o(i.inputHour) refers to main.o(i.saveData) for saveData
    main.o(i.inputHour) refers to stm32f1xx_hal.o(i.HAL_Delay) for HAL_Delay
    main.o(i.inputHour) refers to lcdtp.o(i.LCD_Clear) for LCD_Clear
    main.o(i.inputHour) refers to main.o(.data) for .data
    main.o(i.inputTurn) refers to main.o(i.loadData) for loadData
    main.o(i.inputTurn) refers to dfixi.o(.text) for __aeabi_d2iz
    main.o(i.inputTurn) refers to printfa.o(i.__0sprintf) for __2sprintf
    main.o(i.inputTurn) refers to lcdtp.o(i.LCD_DrawString) for LCD_DrawString
    main.o(i.inputTurn) refers to lcdtp.o(i.LCD_DrawRectButton) for LCD_DrawRectButton
    main.o(i.inputTurn) refers to main.o(i.isTouched) for isTouched
    main.o(i.inputTurn) refers to xpt2046.o(i.XPT2046_Get_TouchedPoint) for XPT2046_Get_TouchedPoint
    main.o(i.inputTurn) refers to dadd.o(.text) for __aeabi_dsub
    main.o(i.inputTurn) refers to main.o(i.saveData) for saveData
    main.o(i.inputTurn) refers to stm32f1xx_hal.o(i.HAL_Delay) for HAL_Delay
    main.o(i.inputTurn) refers to lcdtp.o(i.LCD_Clear) for LCD_Clear
    main.o(i.inputTurn) refers to main.o(.data) for .data
    main.o(i.isTouched) refers to stm32f1xx_hal_gpio.o(i.HAL_GPIO_ReadPin) for HAL_GPIO_ReadPin
    main.o(i.isTouched) refers to stm32f1xx_hal_gpio.o(i.HAL_GPIO_WritePin) for HAL_GPIO_WritePin
    main.o(i.loadData) refers to strcmp.o(.text) for strcmp
    main.o(i.loadData) refers to dflti.o(.text) for __aeabi_i2d
    main.o(i.loadData) refers to f2d.o(.text) for __aeabi_f2d
    main.o(i.loadData) refers to main.o(.data) for .data
    main.o(i.main) refers to stm32f1xx_hal.o(i.HAL_Init) for HAL_Init
    main.o(i.main) refers to main.o(i.SystemClock_Config) for SystemClock_Config
    main.o(i.main) refers to main.o(i.MX_GPIO_Init) for MX_GPIO_Init
    main.o(i.main) refers to main.o(i.MX_FSMC_Init) for MX_FSMC_Init
    main.o(i.main) refers to stm32f1xx_hal_cortex.o(i.HAL_NVIC_SetPriority) for HAL_NVIC_SetPriority
[...]
    printf4.o(i._printf_core) refers to uldiv.o(.text) for __aeabi_uldivmod
    printf5.o(i.__0fprintf$5) refers to printf5.o(i._printf_core) for _printf_core
    printf5.o(i.__0fprintf$5) refers to fputc.o(i.fputc) for fputc
    printf5.o(i.__0printf$5) refers to printf5.o(i._printf_core) for _printf_core
    printf5.o(i.__0printf$5) refers to fputc.o(i.fputc) for fputc
    printf5.o(i.__0printf$5) refers to stdout.o(.data) for __stdout
    printf5.o(i.__0snprintf$5) refers to printf5.o(i._printf_core) for _printf_core
    printf5.o(i.__0snprintf$5) refers to printf5.o(i._snputc) for _snputc
    printf5.o(i.__0sprintf$5) refers to printf5.o(i._printf_core) for _printf_core
    printf5.o(i.__0sprintf$5) refers to printf5.o(i._sputc) for _sputc
    printf5.o(i.__0vfprintf$5) refers to printf5.o(i._printf_core) for _printf_core
    printf5.o(i.__0vfprintf$5) refers to fputc.o(i.fputc) for fputc
    printf5.o(i.__0vprintf$5) refers to printf5.o(i._printf_core) for _printf_core
    printf5.o(i.__0vprintf$5) refers to fputc.o(i.fputc) for fputc
    printf5.o(i.__0vprintf$5) refers to stdout.o(.data) for __stdout
    printf5.o(i.__0vsnprintf$5) refers to printf5.o(i._printf_core) for _printf_core
    printf5.o(i.__0vsnprintf$5) refers to printf5.o(i._snputc) for _snputc
    printf5.o(i.__0vsprintf$5) refers to printf5.o(i._printf_core) for _printf_core
    printf5.o(i.__0vsprintf$5) refers to printf5.o(i._sputc) for _sputc
    printf5.o(i._printf_core) refers to uldiv.o(.text) for __aeabi_uldivmod
    printf6.o(i.__0fprintf$6) refers to printf6.o(i._printf_core) for _printf_core
    printf6.o(i.__0fprintf$6) refers to fputc.o(i.fputc) for fputc
    printf6.o(i.__0printf$6) refers to printf6.o(i._printf_core) for _printf_core
    printf6.o(i.__0printf$6) refers to fputc.o(i.fputc) for fputc
    printf6.o(i.__0printf$6) refers to stdout.o(.data) for __stdout
    printf6.o(i.__0snprintf$6) refers to printf6.o(i._printf_core) for _printf_core
    printf6.o(i.__0snprintf$6) refers to printf6.o(i._snputc) for _snputc
    printf6.o(i.__0sprintf$6) refers to printf6.o(i._printf_core) for _printf_core
    printf6.o(i.__0sprintf$6) refers to printf6.o(i._sputc) for _sputc
    printf6.o(i.__0vfprintf$6) refers to printf6.o(i._printf_core) for _printf_core
    printf6.o(i.__0vfprintf$6) refers to fputc.o(i.fputc) for fputc
    printf6.o(i.__0vprintf$6) refers to printf6.o(i._printf_core) for _printf_core
    printf6.o(i.__0vprintf$6) refers to fputc.o(i.fputc) for fputc
    printf6.o(i.__0vprintf$6) refers to stdout.o(.data) for __stdout
    printf6.o(i.__0vsnprintf$6) refers to printf6.o(i._printf_core) for _printf_core
    printf6.o(i.__0vsnprintf$6) refers to printf6.o(i._snputc) for _snputc
    printf6.o(i.__0vsprintf$6) refers to printf6.o(i._printf_core) for _printf_core
    printf6.o(i.__0vsprintf$6) refers to printf6.o(i._sputc) for _sputc
    printf6.o(i._printf_core) refers to printf6.o(i._printf_pre_padding) for _printf_pre_padding
    printf6.o(i._printf_core) refers to uidiv.o(.text) for __aeabi_uidivmod
    printf6.o(i._printf_core) refers to printf6.o(i._printf_post_padding) for _printf_post_padding
    printf7.o(i.__0fprintf$7) refers to printf7.o(i._printf_core) for _printf_core
    printf7.o(i.__0fprintf$7) refers to fputc.o(i.fputc) for fputc
    printf7.o(i.__0printf$7) refers to printf7.o(i._printf_core) for _printf_core
    printf7.o(i.__0printf$7) refers to fputc.o(i.fputc) for fputc
    printf7.o(i.__0printf$7) refers to stdout.o(.data) for __stdout
    printf7.o(i.__0snprintf$7) refers to printf7.o(i._printf_core) for _printf_core
    printf7.o(i.__0snprintf$7) refers to printf7.o(i._snputc) for _snputc
    printf7.o(i.__0sprintf$7) refers to printf7.o(i._printf_core) for _printf_core
    printf7.o(i.__0sprintf$7) refers to printf7.o(i._sputc) for _sputc
    printf7.o(i.__0vfprintf$7) refers to printf7.o(i._printf_core) for _printf_core
    printf7.o(i.__0vfprintf$7) refers to fputc.o(i.fputc) for fputc
    printf7.o(i.__0vprintf$7) refers to printf7.o(i._printf_core) for _printf_core
    printf7.o(i.__0vprintf$7) refers to fputc.o(i.fputc) for fputc
    printf7.o(i.__0vprintf$7) refers to stdout.o(.data) for __stdout
    printf7.o(i.__0vsnprintf$7) refers to printf7.o(i._printf_core) for _printf_core
    printf7.o(i.__0vsnprintf$7) refers to printf7.o(i._snputc) for _snputc
    printf7.o(i.__0vsprintf$7) refers to printf7.o(i._printf_core) for _printf_core
    printf7.o(i.__0vsprintf$7) refers to printf7.o(i._sputc) for _sputc
    printf7.o(i._printf_core) refers to printf7.o(i._printf_pre_padding) for _printf_pre_padding
    printf7.o(i._printf_core) refers to uldiv.o(.text) for __aeabi_uldivmod
    printf7.o(i._printf_core) refers to printf7.o(i._printf_post_padding) for _printf_post_padding
    printf8.o(i.__0fprintf$8) refers to printf8.o(i._printf_core) for _printf_core
    printf8.o(i.__0fprintf$8) refers to fputc.o(i.fputc) for fputc
    printf8.o(i.__0printf$8) refers to printf8.o(i._printf_core) for _printf_core
    printf8.o(i.__0printf$8) refers to fputc.o(i.fputc) for fputc
    printf8.o(i.__0printf$8) refers to stdout.o(.data) for __stdout
    printf8.o(i.__0snprintf$8) refers to printf8.o(i._printf_core) for _printf_core
    printf8.o(i.__0snprintf$8) refers to printf8.o(i._snputc) for _snputc
    printf8.o(i.__0sprintf$8) refers to printf8.o(i._printf_core) for _printf_core
    printf8.o(i.__0sprintf$8) refers to printf8.o(i._sputc) for _sputc
    printf8.o(i.__0vfprintf$8) refers to printf8.o(i._printf_core) for _printf_core
    printf8.o(i.__0vfprintf$8) refers to fputc.o(i.fputc) for fputc
    printf8.o(i.__0vprintf$8) refers to printf8.o(i._printf_core) for _printf_core
    printf8.o(i.__0vprintf$8) refers to fputc.o(i.fputc) for fputc
    printf8.o(i.__0vprintf$8) refers to stdout.o(.data) for __stdout
    printf8.o(i.__0vsnprintf$8) refers to printf8.o(i._printf_core) for _printf_core
    printf8.o(i.__0vsnprintf$8) refers to printf8.o(i._snputc) for _snputc
    printf8.o(i.__0vsprintf$8) refers to printf8.o(i._printf_core) for _printf_core
    printf8.o(i.__0vsprintf$8) refers to printf8.o(i._sputc) for _sputc
    printf8.o(i._printf_core) refers to printf8.o(i._printf_pre_padding) for _printf_pre_padding
    printf8.o(i._printf_core) refers to uldiv.o(.text) for __aeabi_uldivmod
    printf8.o(i._printf_core) refers to printf8.o(i._printf_post_padding) for _printf_post_padding
    printfa.o(i.__0fprintf) refers (Special) to iusefp.o(.text) for __I$use$fp
    printfa.o(i.__0fprintf) refers to printfa.o(i._printf_core) for _printf_core
    printfa.o(i.__0fprintf) refers to fputc.o(i.fputc) for fputc
    printfa.o(i.__0printf) refers (Special) to iusefp.o(.text) for __I$use$fp
    printfa.o(i.__0printf) refers to printfa.o(i._printf_core) for _printf_core
    printfa.o(i.__0printf) refers to fputc.o(i.fputc) for fputc
    printfa.o(i.__0printf) refers to stdout.o(.data) for __stdout
    printfa.o(i.__0snprintf) refers (Special) to iusefp.o(.text) for __I$use$fp
    printfa.o(i.__0snprintf) refers to printfa.o(i._printf_core) for _printf_core
    printfa.o(i.__0snprintf) refers to printfa.o(i._snputc) for _snputc
    printfa.o(i.__0sprintf) refers (Special) to iusefp.o(.text) for __I$use$fp
    printfa.o(i.__0sprintf) refers to printfa.o(i._printf_core) for _printf_core
    printfa.o(i.__0sprintf) refers to printfa.o(i._sputc) for _sputc
    printfa.o(i.__0vfprintf) refers (Special) to iusefp.o(.text) for __I$use$fp
    printfa.o(i.__0vfprintf) refers to printfa.o(i._printf_core) for _printf_core
    printfa.o(i.__0vfprintf) refers to fputc.o(i.fputc) for fputc
    printfa.o(i.__0vprintf) refers (Special) to iusefp.o(.text) for __I$use$fp
    printfa.o(i.__0vprintf) refers to printfa.o(i._printf_core) for _printf_core
    printfa.o(i.__0vprintf) refers to fputc.o(i.fputc) for fputc
    printfa.o(i.__0vprintf) refers to stdout.o(.data) for __stdout
    printfa.o(i.__0vsnprintf) refers (Special) to iusefp.o(.text) for __I$use$fp
    printfa.o(i.__0vsnprintf) refers to printfa.o(i._printf_core) for _printf_core
    printfa.o(i.__0vsnprintf) refers to printfa.o(i._snputc) for _snputc
    printfa.o(i.__0vsprintf) refers (Special) to iusefp.o(.text) for __I$use$fp
    printfa.o(i.__0vsprintf) refers to printfa.o(i._printf_core) for _printf_core
    printfa.o(i.__0vsprintf) refers to printfa.o(i._sputc) for _sputc
    printfa.o(i._fp_digits) refers (Special) to iusefp.o(.text) for __I$use$fp
    printfa.o(i._fp_digits) refers to dmul.o(.text) for __aeabi_dmul
    printfa.o(i._fp_digits) refers to ddiv.o(.text) for __aeabi_ddiv
    printfa.o(i._fp_digits) refers to cdrcmple.o(.text) for __aeabi_cdrcmple
    printfa.o(i._fp_digits) refers to dadd.o(.text) for __aeabi_dadd
    printfa.o(i._fp_digits) refers to dfixul.o(.text) for __aeabi_d2ulz
    printfa.o(i._fp_digits) refers to uldiv.o(.text) for __aeabi_uldivmod
    printfa.o(i._printf_core) refers (Special) to iusefp.o(.text) for __I$use$fp
    printfa.o(i._printf_core) refers to printfa.o(i._printf_pre_padding) for _printf_pre_padding
    printfa.o(i._printf_core) refers to uldiv.o(.text) for __aeabi_uldivmod
    printfa.o(i._printf_core) refers to printfa.o(i._printf_post_padding) for _printf_post_padding
    printfa.o(i._printf_core) refers to printfa.o(i._fp_digits) for _fp_digits
    printfa.o(i._printf_core) refers to uidiv.o(.text) for __aeabi_uidivmod
    printfa.o(i._printf_post_padding) refers (Special) to iusefp.o(.text) for __I$use$fp
    printfa.o(i._printf_pre_padding) refers (Special) to iusefp.o(.text) for __I$use$fp
    printfa.o(i._snputc) refers (Special) to iusefp.o(.text) for __I$use$fp
    printfa.o(i._sputc) refers (Special) to iusefp.o(.text) for __I$use$fp
    dadd.o(.text) refers (Special) to iusefp.o(.text) for __I$use$fp
    dadd.o(.text) refers to llshl.o(.text) for __aeabi_llsl
    dadd.o(.text) refers to llsshr.o(.text) for __aeabi_lasr
    dadd.o(.text) refers to depilogue.o(.text) for _double_epilogue
    dmul.o(.text) refers (Special) to iusefp.o(.text) for __I$use$fp
    dmul.o(.text) refers to depilogue.o(.text) for _double_epilogue
    ddiv.o(.text) refers (Special) to iusefp.o(.text) for __I$use$fp
    ddiv.o(.text) refers to depilogue.o(.text) for _double_round
    dflti.o(.text) refers (Special) to iusefp.o(.text) for __I$use$fp
    dflti.o(.text) refers to depilogue.o(.text) for _double_epilogue
    dfltui.o(.text) refers (Special) to iusefp.o(.text) for __I$use$fp
    dfltui.o(.text) refers to depilogue.o(.text) for _double_epilogue
    dfixi.o(.text) refers (Special) to iusefp.o(.text) for __I$use$fp
    dfixi.o(.text) refers to llushr.o(.text) for __aeabi_llsr
    dfixui.o(.text) refers (Special) to iusefp.o(.text) for __I$use$fp
    dfixui.o(.text) refers to llushr.o(.text) for __aeabi_llsr
    f2d.o(.text) refers (Special) to iusefp.o(.text) for __I$use$fp
    cdcmple.o(.text) refers (Special) to iusefp.o(.text) for __I$use$fp
    d2f.o(.text) refers (Special) to iusefp.o(.text) for __I$use$fp
    d2f.o(.text) refers to fepilogue.o(.text) for _float_round
    entry2.o(.ARM.Collect$$$$00000001) refers to entry2.o(.ARM.Collect$$$$00002712) for __lit__00000000
    entry2.o(.ARM.Collect$$$$00002712) refers to startup_stm32f103xe.o(STACK) for __initial_sp
    entry2.o(__vectab_stack_and_reset_area) refers to startup_stm32f103xe.o(STACK) for __initial_sp
    entry2.o(__vectab_stack_and_reset_area) refers to entry.o(.ARM.Collect$$$$00000000) for __main
    entry5.o(.ARM.Collect$$$$00000004) refers to init.o(.text) for __scatterload
    entry9a.o(.ARM.Collect$$$$0000000B) refers to main.o(i.main) for main
    entry9b.o(.ARM.Collect$$$$0000000C) refers to main.o(i.main) for main
    fputc.o(i.fputc) refers (Special) to iusesemip.o(.text) for __I$use$semihosting$fputc
    fputc.o(i.fputc) refers (Special) to semi.o(.text) for __semihosting_library_function
    uldiv.o(.text) refers to llushr.o(.text) for __aeabi_llsr
    uldiv.o(.text) refers to llshl.o(.text) for __aeabi_llsl
    depilogue.o(.text) refers to llshl.o(.text) for __aeabi_llsl
    depilogue.o(.text) refers to llushr.o(.text) for __aeabi_llsr
    dfixul.o(.text) refers to llushr.o(.text) for __aeabi_llsr
    dfixul.o(.text) refers to llshl.o(.text) for __aeabi_llsl
    init.o(.text) refers to entry5.o(.ARM.Collect$$$$00000004) for __main_after_scatterload


==============================================================================

Removing Unused input sections from the image.

    Removing startup_stm32f103xe.o(HEAP), (512 bytes).
    Removing main.o(.rev16_text), (4 bytes).
    Removing main.o(.revsh_text), (4 bytes).
    Removing main.o(.rrx_text), (6 bytes).
    Removing main.o(i.Error_Handler), (2 bytes).
    Removing main.o(i.checkOngoing), (4 bytes).
    Removing main.o(i.getTouchCoord), (2 bytes).
    Removing main.o(i.promptWatch), (44 bytes).
    Removing stm32f1xx_it.o(.rev16_text), (4 bytes).
    Removing stm32f1xx_it.o(.revsh_text), (4 bytes).
    Removing stm32f1xx_it.o(.rrx_text), (6 bytes).
    Removing stm32f1xx_hal_msp.o(.rev16_text), (4 bytes).
    Removing stm32f1xx_hal_msp.o(.revsh_text), (4 bytes).
    Removing stm32f1xx_hal_msp.o(.rrx_text), (6 bytes).
    Removing stm32f1xx_hal_msp.o(i.HAL_SRAM_MspDeInit), (68 bytes).
    Removing lcdtp.o(.rev16_text), (4 bytes).
    Removing lcdtp.o(.revsh_text), (4 bytes).
    Removing lcdtp.o(.rrx_text), (6 bytes).
    Removing lcdtp.o(i.LCD_DrawChar_Color), (76 bytes).
    Removing lcdtp.o(i.LCD_DrawCircle), (2 bytes).
    Removing lcdtp.o(i.LCD_DrawCross), (42 bytes).
    Removing lcdtp.o(i.LCD_DrawString_Color), (80 bytes).
    Removing lcdtp.o(i.LCD_GetPointPixel), (18 bytes).
    Removing lcdtp.o(i.LCD_GramScan), (136 bytes).
    Removing lcdtp.o(i.LCD_Read_Data), (12 bytes).
    Removing lcdtp.o(i.LCD_Read_PixelData), (40 bytes).
    Removing lcdtp.o(i.LCD_Write_Cmd), (8 bytes).
    Removing lcdtp.o(i.LCD_Write_Data), (12 bytes).
    Removing xpt2046.o(.rev16_text), (4 bytes).
    Removing xpt2046.o(.revsh_text), (4 bytes).
    Removing xpt2046.o(.rrx_text), (6 bytes).
    Removing xpt2046.o(i.Check_touchkey), (56 bytes).
    Removing xpt2046.o(i.XPT2046_Calculate_CalibrationFactor), (330 bytes).
    Removing xpt2046.o(i.XPT2046_Touch_Calibrate), (760 bytes).
    Removing system_stm32f1xx.o(.rev16_text), (4 bytes).
    Removing system_stm32f1xx.o(.revsh_text), (4 bytes).
    Removing system_stm32f1xx.o(.rrx_text), (6 bytes).
    Removing system_stm32f1xx.o(i.SystemCoreClockUpdate), (104 bytes).
    Removing system_stm32f1xx.o(.constdata), (8 bytes).
    Removing stm32f1xx_hal_gpio_ex.o(.rev16_text), (4 bytes).
    Removing stm32f1xx_hal_gpio_ex.o(.revsh_text), (4 bytes).
    Removing stm32f1xx_hal_gpio_ex.o(.rrx_text), (6 bytes).
    Removing stm32f1xx_hal_gpio_ex.o(i.HAL_GPIOEx_ConfigEventout), (20 bytes).
    Removing stm32f1xx_hal_gpio_ex.o(i.HAL_GPIOEx_DisableEventout), (16 bytes).
    Removing stm32f1xx_hal_gpio_ex.o(i.HAL_GPIOEx_EnableEventout), (16 bytes).
    Removing stm32f1xx_ll_fsmc.o(.rev16_text), (4 bytes).
    Removing stm32f1xx_ll_fsmc.o(.revsh_text), (4 bytes).
    Removing stm32f1xx_ll_fsmc.o(.rrx_text), (6 bytes).
    Removing stm32f1xx_ll_fsmc.o(i.FSMC_NAND_AttributeSpace_Timing_Init), (44 bytes).
    Removing stm32f1xx_ll_fsmc.o(i.FSMC_NAND_CommonSpace_Timing_Init), (44 bytes).
    Removing stm32f1xx_ll_fsmc.o(i.FSMC_NAND_DeInit), (62 bytes).
    Removing stm32f1xx_ll_fsmc.o(i.FSMC_NAND_ECC_Disable), (26 bytes).
    Removing stm32f1xx_ll_fsmc.o(i.FSMC_NAND_ECC_Enable), (26 bytes).
    Removing stm32f1xx_ll_fsmc.o(i.FSMC_NAND_GetECC), (110 bytes).
    Removing stm32f1xx_ll_fsmc.o(i.FSMC_NAND_Init), (76 bytes).
    Removing stm32f1xx_ll_fsmc.o(i.FSMC_NORSRAM_DeInit), (52 bytes).
    Removing stm32f1xx_ll_fsmc.o(i.FSMC_NORSRAM_WriteOperation_Disable), (16 bytes).
    Removing stm32f1xx_ll_fsmc.o(i.FSMC_NORSRAM_WriteOperation_Enable), (16 bytes).
    Removing stm32f1xx_ll_fsmc.o(i.FSMC_PCCARD_AttributeSpace_Timing_Init), (28 bytes).
    Removing stm32f1xx_ll_fsmc.o(i.FSMC_PCCARD_CommonSpace_Timing_Init), (28 bytes).
    Removing stm32f1xx_ll_fsmc.o(i.FSMC_PCCARD_DeInit), (30 bytes).
    Removing stm32f1xx_ll_fsmc.o(i.FSMC_PCCARD_IOSpace_Timing_Init), (28 bytes).
    Removing stm32f1xx_ll_fsmc.o(i.FSMC_PCCARD_Init), (36 bytes).
    Removing stm32f1xx_hal.o(.rev16_text), (4 bytes).
    Removing stm32f1xx_hal.o(.revsh_text), (4 bytes).
    Removing stm32f1xx_hal.o(.rrx_text), (6 bytes).
    Removing stm32f1xx_hal.o(i.HAL_DBGMCU_DisableDBGSleepMode), (16 bytes).
    Removing stm32f1xx_hal.o(i.HAL_DBGMCU_DisableDBGStandbyMode), (16 bytes).
    Removing stm32f1xx_hal.o(i.HAL_DBGMCU_DisableDBGStopMode), (16 bytes).
    Removing stm32f1xx_hal.o(i.HAL_DBGMCU_EnableDBGSleepMode), (16 bytes).
    Removing stm32f1xx_hal.o(i.HAL_DBGMCU_EnableDBGStandbyMode), (16 bytes).
    Removing stm32f1xx_hal.o(i.HAL_DBGMCU_EnableDBGStopMode), (16 bytes).
    Removing stm32f1xx_hal.o(i.HAL_DeInit), (32 bytes).
    Removing stm32f1xx_hal.o(i.HAL_GetDEVID), (16 bytes).
    Removing stm32f1xx_hal.o(i.HAL_GetHalVersion), (8 bytes).
    Removing stm32f1xx_hal.o(i.HAL_GetREVID), (12 bytes).
    Removing stm32f1xx_hal.o(i.HAL_GetTickFreq), (12 bytes).
    Removing stm32f1xx_hal.o(i.HAL_GetTickPrio), (12 bytes).
    Removing stm32f1xx_hal.o(i.HAL_GetUID), (32 bytes).
    Removing stm32f1xx_hal.o(i.HAL_MspDeInit), (2 bytes).
    Removing stm32f1xx_hal.o(i.HAL_MspInit), (2 bytes).
    Removing stm32f1xx_hal.o(i.HAL_ResumeTick), (14 bytes).
    Removing stm32f1xx_hal.o(i.HAL_SetTickFreq), (32 bytes).
    Removing stm32f1xx_hal.o(i.HAL_SuspendTick), (14 bytes).
    Removing stm32f1xx_hal_rcc.o(.rev16_text), (4 bytes).
    Removing stm32f1xx_hal_rcc.o(.revsh_text), (4 bytes).
    Removing stm32f1xx_hal_rcc.o(.rrx_text), (6 bytes).
    Removing stm32f1xx_hal_rcc.o(i.HAL_RCC_CSSCallback), (2 bytes).
    Removing stm32f1xx_hal_rcc.o(i.HAL_RCC_DeInit), (260 bytes).
    Removing stm32f1xx_hal_rcc.o(i.HAL_RCC_DisableCSS), (12 bytes).
    Removing stm32f1xx_hal_rcc.o(i.HAL_RCC_EnableCSS), (12 bytes).
    Removing stm32f1xx_hal_rcc.o(i.HAL_RCC_GetClockConfig), (60 bytes).
    Removing stm32f1xx_hal_rcc.o(i.HAL_RCC_GetHCLKFreq), (12 bytes).
    Removing stm32f1xx_hal_rcc.o(i.HAL_RCC_GetOscConfig), (172 bytes).
    Removing stm32f1xx_hal_rcc.o(i.HAL_RCC_GetPCLK1Freq), (32 bytes).
    Removing stm32f1xx_hal_rcc.o(i.HAL_RCC_GetPCLK2Freq), (32 bytes).
    Removing stm32f1xx_hal_rcc.o(i.HAL_RCC_MCOConfig), (72 bytes).
    Removing stm32f1xx_hal_rcc.o(i.HAL_RCC_NMI_IRQHandler), (28 bytes).
    Removing stm32f1xx_hal_rcc_ex.o(.rev16_text), (4 bytes).
    Removing stm32f1xx_hal_rcc_ex.o(.revsh_text), (4 bytes).
    Removing stm32f1xx_hal_rcc_ex.o(.rrx_text), (6 bytes).
    Removing stm32f1xx_hal_rcc_ex.o(i.HAL_RCCEx_GetPeriphCLKConfig), (52 bytes).
    Removing stm32f1xx_hal_rcc_ex.o(i.HAL_RCCEx_GetPeriphCLKFreq), (284 bytes).
    Removing stm32f1xx_hal_rcc_ex.o(i.HAL_RCCEx_PeriphCLKConfig), (304 bytes).
    Removing stm32f1xx_hal_gpio.o(.rev16_text), (4 bytes).
    Removing stm32f1xx_hal_gpio.o(.revsh_text), (4 bytes).
    Removing stm32f1xx_hal_gpio.o(.rrx_text), (6 bytes).
    Removing stm32f1xx_hal_gpio.o(i.HAL_GPIO_DeInit), (336 bytes).
    Removing stm32f1xx_hal_gpio.o(i.HAL_GPIO_LockPin), (42 bytes).
    Removing stm32f1xx_hal_gpio.o(i.HAL_GPIO_TogglePin), (8 bytes).
    Removing stm32f1xx_hal_dma.o(.rev16_text), (4 bytes).
    Removing stm32f1xx_hal_dma.o(.revsh_text), (4 bytes).
    Removing stm32f1xx_hal_dma.o(.rrx_text), (6 bytes).
    Removing stm32f1xx_hal_dma.o(i.DMA_SetConfig), (56 bytes).
    Removing stm32f1xx_hal_dma.o(i.HAL_DMA_Abort), (48 bytes).
    Removing stm32f1xx_hal_dma.o(i.HAL_DMA_Abort_IT), (372 bytes).
    Removing stm32f1xx_hal_dma.o(i.HAL_DMA_DeInit), (152 bytes).
    Removing stm32f1xx_hal_dma.o(i.HAL_DMA_GetError), (4 bytes).
    Removing stm32f1xx_hal_dma.o(i.HAL_DMA_GetState), (6 bytes).
    Removing stm32f1xx_hal_dma.o(i.HAL_DMA_IRQHandler), (724 bytes).
    Removing stm32f1xx_hal_dma.o(i.HAL_DMA_Init), (168 bytes).
    Removing stm32f1xx_hal_dma.o(i.HAL_DMA_PollForTransfer), (1292 bytes).
    Removing stm32f1xx_hal_dma.o(i.HAL_DMA_RegisterCallback), (80 bytes).
    Removing stm32f1xx_hal_dma.o(i.HAL_DMA_Start), (88 bytes).
    Removing stm32f1xx_hal_dma.o(i.HAL_DMA_Start_IT), (124 bytes).
    Removing stm32f1xx_hal_dma.o(i.HAL_DMA_UnRegisterCallback), (86 bytes).
    Removing stm32f1xx_hal_cortex.o(.rev16_text), (4 bytes).
    Removing stm32f1xx_hal_cortex.o(.revsh_text), (4 bytes).
    Removing stm32f1xx_hal_cortex.o(.rrx_text), (6 bytes).
    Removing stm32f1xx_hal_cortex.o(i.HAL_NVIC_ClearPendingIRQ), (24 bytes).
    Removing stm32f1xx_hal_cortex.o(i.HAL_NVIC_DisableIRQ), (24 bytes).
    Removing stm32f1xx_hal_cortex.o(i.HAL_NVIC_GetActive), (34 bytes).
    Removing stm32f1xx_hal_cortex.o(i.HAL_NVIC_GetPendingIRQ), (34 bytes).
    Removing stm32f1xx_hal_cortex.o(i.HAL_NVIC_GetPriority), (94 bytes).
    Removing stm32f1xx_hal_cortex.o(i.HAL_NVIC_GetPriorityGrouping), (16 bytes).
    Removing stm32f1xx_hal_cortex.o(i.HAL_NVIC_SetPendingIRQ), (24 bytes).
    Removing stm32f1xx_hal_cortex.o(i.HAL_NVIC_SystemReset), (36 bytes).
    Removing stm32f1xx_hal_cortex.o(i.HAL_SYSTICK_CLKSourceConfig), (28 bytes).
    Removing stm32f1xx_hal_cortex.o(i.HAL_SYSTICK_Callback), (2 bytes).
    Removing stm32f1xx_hal_cortex.o(i.HAL_SYSTICK_IRQHandler), (8 bytes).
    Removing stm32f1xx_hal_pwr.o(.rev16_text), (4 bytes).
    Removing stm32f1xx_hal_pwr.o(.revsh_text), (4 bytes).
    Removing stm32f1xx_hal_pwr.o(.rrx_text), (6 bytes).
    Removing stm32f1xx_hal_pwr.o(i.HAL_PWR_ConfigPVD), (148 bytes).
    Removing stm32f1xx_hal_pwr.o(i.HAL_PWR_DeInit), (24 bytes).
    Removing stm32f1xx_hal_pwr.o(i.HAL_PWR_DisableBkUpAccess), (12 bytes).
    Removing stm32f1xx_hal_pwr.o(i.HAL_PWR_DisablePVD), (12 bytes).
    Removing stm32f1xx_hal_pwr.o(i.HAL_PWR_DisableSEVOnPend), (16 bytes).
    Removing stm32f1xx_hal_pwr.o(i.HAL_PWR_DisableSleepOnExit), (16 bytes).
    Removing stm32f1xx_hal_pwr.o(i.HAL_PWR_DisableWakeUpPin), (26 bytes).
    Removing stm32f1xx_hal_pwr.o(i.HAL_PWR_EnableBkUpAccess), (12 bytes).
    Removing stm32f1xx_hal_pwr.o(i.HAL_PWR_EnablePVD), (12 bytes).
    Removing stm32f1xx_hal_pwr.o(i.HAL_PWR_EnableSEVOnPend), (16 bytes).
    Removing stm32f1xx_hal_pwr.o(i.HAL_PWR_EnableSleepOnExit), (16 bytes).
    Removing stm32f1xx_hal_pwr.o(i.HAL_PWR_EnableWakeUpPin), (26 bytes).
    Removing stm32f1xx_hal_pwr.o(i.HAL_PWR_EnterSLEEPMode), (32 bytes).
    Removing stm32f1xx_hal_pwr.o(i.HAL_PWR_EnterSTANDBYMode), (32 bytes).
    Removing stm32f1xx_hal_pwr.o(i.HAL_PWR_EnterSTOPMode), (68 bytes).
    Removing stm32f1xx_hal_pwr.o(i.HAL_PWR_PVDCallback), (2 bytes).
    Removing stm32f1xx_hal_pwr.o(i.HAL_PWR_PVD_IRQHandler), (28 bytes).
    Removing stm32f1xx_hal_pwr.o(i.PWR_OverloadWfe), (6 bytes).
    Removing stm32f1xx_hal_flash.o(.rev16_text), (4 bytes).
    Removing stm32f1xx_hal_flash.o(.revsh_text), (4 bytes).
    Removing stm32f1xx_hal_flash.o(.rrx_text), (6 bytes).
    Removing stm32f1xx_hal_flash.o(i.FLASH_Program_HalfWord), (28 bytes).
    Removing stm32f1xx_hal_flash.o(i.FLASH_SetErrorCode), (100 bytes).
    Removing stm32f1xx_hal_flash.o(i.FLASH_WaitForLastOperation), (104 bytes).
    Removing stm32f1xx_hal_flash.o(i.HAL_FLASH_EndOfOperationCallback), (2 bytes).
    Removing stm32f1xx_hal_flash.o(i.HAL_FLASH_GetError), (12 bytes).
    Removing stm32f1xx_hal_flash.o(i.HAL_FLASH_IRQHandler), (284 bytes).
    Removing stm32f1xx_hal_flash.o(i.HAL_FLASH_Lock), (20 bytes).
    Removing stm32f1xx_hal_flash.o(i.HAL_FLASH_OB_Launch), (4 bytes).
    Removing stm32f1xx_hal_flash.o(i.HAL_FLASH_OB_Lock), (20 bytes).
    Removing stm32f1xx_hal_flash.o(i.HAL_FLASH_OB_Unlock), (40 bytes).
    Removing stm32f1xx_hal_flash.o(i.HAL_FLASH_OperationErrorCallback), (2 bytes).
    Removing stm32f1xx_hal_flash.o(i.HAL_FLASH_Program), (148 bytes).
    Removing stm32f1xx_hal_flash.o(i.HAL_FLASH_Program_IT), (104 bytes).
    Removing stm32f1xx_hal_flash.o(i.HAL_FLASH_Unlock), (44 bytes).
    Removing stm32f1xx_hal_flash.o(.bss), (32 bytes).
    Removing stm32f1xx_hal_flash_ex.o(.rev16_text), (4 bytes).
    Removing stm32f1xx_hal_flash_ex.o(.revsh_text), (4 bytes).
    Removing stm32f1xx_hal_flash_ex.o(.rrx_text), (6 bytes).
    Removing stm32f1xx_hal_flash_ex.o(i.FLASH_MassErase), (36 bytes).
    Removing stm32f1xx_hal_flash_ex.o(i.FLASH_OB_DisableWRP), (192 bytes).
    Removing stm32f1xx_hal_flash_ex.o(i.FLASH_OB_EnableWRP), (192 bytes).
    Removing stm32f1xx_hal_flash_ex.o(i.FLASH_OB_GetRDP), (24 bytes).
    Removing stm32f1xx_hal_flash_ex.o(i.FLASH_OB_GetUser), (16 bytes).
    Removing stm32f1xx_hal_flash_ex.o(i.FLASH_OB_GetWRP), (12 bytes).
    Removing stm32f1xx_hal_flash_ex.o(i.FLASH_OB_ProgramData), (60 bytes).
    Removing stm32f1xx_hal_flash_ex.o(i.FLASH_OB_RDP_LevelConfig), (100 bytes).
    Removing stm32f1xx_hal_flash_ex.o(i.FLASH_OB_UserConfig), (68 bytes).
    Removing stm32f1xx_hal_flash_ex.o(i.FLASH_PageErase), (36 bytes).
    Removing stm32f1xx_hal_flash_ex.o(i.HAL_FLASHEx_Erase), (180 bytes).
    Removing stm32f1xx_hal_flash_ex.o(i.HAL_FLASHEx_Erase_IT), (88 bytes).
    Removing stm32f1xx_hal_flash_ex.o(i.HAL_FLASHEx_OBErase), (84 bytes).
    Removing stm32f1xx_hal_flash_ex.o(i.HAL_FLASHEx_OBGetConfig), (28 bytes).
    Removing stm32f1xx_hal_flash_ex.o(i.HAL_FLASHEx_OBGetUserData), (32 bytes).
    Removing stm32f1xx_hal_flash_ex.o(i.HAL_FLASHEx_OBProgram), (132 bytes).
    Removing stm32f1xx_hal_sram.o(.rev16_text), (4 bytes).
    Removing stm32f1xx_hal_sram.o(.revsh_text), (4 bytes).
    Removing stm32f1xx_hal_sram.o(.rrx_text), (6 bytes).
    Removing stm32f1xx_hal_sram.o(i.HAL_SRAM_DMA_XferCpltCallback), (2 bytes).
    Removing stm32f1xx_hal_sram.o(i.HAL_SRAM_DMA_XferErrorCallback), (2 bytes).
    Removing stm32f1xx_hal_sram.o(i.HAL_SRAM_DeInit), (32 bytes).
    Removing stm32f1xx_hal_sram.o(i.HAL_SRAM_GetState), (6 bytes).
    Removing stm32f1xx_hal_sram.o(i.HAL_SRAM_MspDeInit), (2 bytes).
    Removing stm32f1xx_hal_sram.o(i.HAL_SRAM_MspInit), (2 bytes).
    Removing stm32f1xx_hal_sram.o(i.HAL_SRAM_Read_16b), (64 bytes).
    Removing stm32f1xx_hal_sram.o(i.HAL_SRAM_Read_32b), (64 bytes).
    Removing stm32f1xx_hal_sram.o(i.HAL_SRAM_Read_8b), (64 bytes).
    Removing stm32f1xx_hal_sram.o(i.HAL_SRAM_Read_DMA), (76 bytes).
    Removing stm32f1xx_hal_sram.o(i.HAL_SRAM_WriteOperation_Disable), (50 bytes).
    Removing stm32f1xx_hal_sram.o(i.HAL_SRAM_WriteOperation_Enable), (42 bytes).
    Removing stm32f1xx_hal_sram.o(i.HAL_SRAM_Write_16b), (80 bytes).
    Removing stm32f1xx_hal_sram.o(i.HAL_SRAM_Write_32b), (80 bytes).
    Removing stm32f1xx_hal_sram.o(i.HAL_SRAM_Write_8b), (80 bytes).
    Removing stm32f1xx_hal_sram.o(i.HAL_SRAM_Write_DMA), (84 bytes).
    Removing stm32f1xx_hal_tim.o(.rev16_text), (4 bytes).
    Removing stm32f1xx_hal_tim.o(.revsh_text), (4 bytes).
    Removing stm32f1xx_hal_tim.o(.rrx_text), (6 bytes).
    Removing stm32f1xx_hal_tim_ex.o(.rev16_text), (4 bytes).
    Removing stm32f1xx_hal_tim_ex.o(.revsh_text), (4 bytes).
    Removing stm32f1xx_hal_tim_ex.o(.rrx_text), (6 bytes).
    Removing cdcmple.o(.text), (48 bytes).

224 unused section(s) (total 12304 bytes) removed from the image.

==============================================================================

Image Symbol Table

    Local Symbols

    Symbol Name                              Value     Ov Type        Size  Object(Section)

    ../Drivers/STM32F1xx_HAL_Driver/Src/stm32f1xx_hal.c 0x00000000   Number         0  stm32f1xx_hal.o ABSOLUTE
    ../Drivers/STM32F1xx_HAL_Driver/Src/stm32f1xx_hal_cortex.c 0x00000000   Number         0  stm32f1xx_hal_cortex.o ABSOLUTE
    ../Drivers/STM32F1xx_HAL_Driver/Src/stm32f1xx_hal_dma.c 0x00000000   Number         0  stm32f1xx_hal_dma.o ABSOLUTE
    ../Drivers/STM32F1xx_HAL_Driver/Src/stm32f1xx_hal_flash.c 0x00000000   Number         0  stm32f1xx_hal_flash.o ABSOLUTE
    ../Drivers/STM32F1xx_HAL_Driver/Src/stm32f1xx_hal_flash_ex.c 0x00000000   Number         0  stm32f1xx_hal_flash_ex.o ABSOLUTE
    ../Drivers/STM32F1xx_HAL_Driver/Src/stm32f1xx_hal_gpio.c 0x00000000   Number         0  stm32f1xx_hal_gpio.o ABSOLUTE
    ../Drivers/STM32F1xx_HAL_Driver/Src/stm32f1xx_hal_gpio_ex.c 0x00000000   Number         0  stm32f1xx_hal_gpio_ex.o ABSOLUTE
    ../Drivers/STM32F1xx_HAL_Driver/Src/stm32f1xx_hal_pwr.c 0x00000000   Number         0  stm32f1xx_hal_pwr.o ABSOLUTE
    ../Drivers/STM32F1xx_HAL_Driver/Src/stm32f1xx_hal_rcc.c 0x00000000   Number         0  stm32f1xx_hal_rcc.o ABSOLUTE
    ../Drivers/STM32F1xx_HAL_Driver/Src/stm32f1xx_hal_rcc_ex.c 0x00000000   Number         0  stm32f1xx_hal_rcc_ex.o ABSOLUTE
    ../Drivers/STM32F1xx_HAL_Driver/Src/stm32f1xx_hal_sram.c 0x00000000   Number         0  stm32f1xx_hal_sram.o ABSOLUTE
    ../Drivers/STM32F1xx_HAL_Driver/Src/stm32f1xx_hal_tim.c 0x00000000   Number         0  stm32f1xx_hal_tim.o ABSOLUTE
    ../Drivers/STM32F1xx_HAL_Driver/Src/stm32f1xx_hal_tim_ex.c 0x00000000   Number         0  stm32f1xx_hal_tim_ex.o ABSOLUTE
    ../Drivers/STM32F1xx_HAL_Driver/Src/stm32f1xx_ll_fsmc.c 0x00000000   Number         0  stm32f1xx_ll_fsmc.o ABSOLUTE
    ../Src/main.c                            0x00000000   Number         0  main.o ABSOLUTE
    ../Src/stm32f1xx_hal_msp.c               0x00000000   Number         0  stm32f1xx_hal_msp.o ABSOLUTE
    ../Src/stm32f1xx_it.c                    0x00000000   Number         0  stm32f1xx_it.o ABSOLUTE
    ../Src/system_stm32f1xx.c                0x00000000   Number         0  system_stm32f1xx.o ABSOLUTE
    ../clib/microlib/division.c              0x00000000   Number         0  uldiv.o ABSOLUTE
    ../clib/microlib/division.c              0x00000000   Number         0  uidiv.o ABSOLUTE
    ../clib/microlib/init/entry.s            0x00000000   Number         0  entry10a.o ABSOLUTE
    ../clib/microlib/init/entry.s            0x00000000   Number         0  entry.o ABSOLUTE
    ../clib/microlib/init/entry.s            0x00000000   Number         0  entry8b.o ABSOLUTE
    ../clib/microlib/init/entry.s            0x00000000   Number         0  entry8a.o ABSOLUTE
    ../clib/microlib/init/entry.s            0x00000000   Number         0  entry7b.o ABSOLUTE
    ../clib/microlib/init/entry.s            0x00000000   Number         0  entry7a.o ABSOLUTE
    ../clib/microlib/init/entry.s            0x00000000   Number         0  entry9a.o ABSOLUTE
    ../clib/microlib/init/entry.s            0x00000000   Number         0  entry5.o ABSOLUTE
    ../clib/microlib/init/entry.s            0x00000000   Number         0  entry2.o ABSOLUTE
    ../clib/microlib/init/entry.s            0x00000000   Number         0  entry11b.o ABSOLUTE
    ../clib/microlib/init/entry.s            0x00000000   Number         0  entry11a.o ABSOLUTE
    ../clib/microlib/init/entry.s            0x00000000   Number         0  entry9b.o ABSOLUTE
    ../clib/microlib/init/entry.s            0x00000000   Number         0  entry10b.o ABSOLUTE
    ../clib/microlib/longlong.c              0x00000000   Number         0  llushr.o ABSOLUTE
    ../clib/microlib/longlong.c              0x00000000   Number         0  llsshr.o ABSOLUTE
    ../clib/microlib/longlong.c              0x00000000   Number         0  llshl.o ABSOLUTE
    ../clib/microlib/printf/printf.c         0x00000000   Number         0  printf2.o ABSOLUTE
    ../clib/microlib/printf/printf.c         0x00000000   Number         0  printf0.o ABSOLUTE
    ../clib/microlib/printf/printf.c         0x00000000   Number         0  printf4.o ABSOLUTE
    ../clib/microlib/printf/printf.c         0x00000000   Number         0  printf1.o ABSOLUTE
    ../clib/microlib/printf/printf.c         0x00000000   Number         0  printf5.o ABSOLUTE
    ../clib/microlib/printf/printf.c         0x00000000   Number         0  printf6.o ABSOLUTE
    ../clib/microlib/printf/printf.c         0x00000000   Number         0  printf7.o ABSOLUTE
    ../clib/microlib/printf/printf.c         0x00000000   Number         0  printf3.o ABSOLUTE
    ../clib/microlib/printf/printf.c         0x00000000   Number         0  printfb.o ABSOLUTE
    ../clib/microlib/printf/printf.c         0x00000000   Number         0  printfa.o ABSOLUTE
    ../clib/microlib/printf/printf.c         0x00000000   Number         0  printf8.o ABSOLUTE
    ../clib/microlib/printf/stubs.s          0x00000000   Number         0  stubs.o ABSOLUTE
    ../clib/microlib/stdio/fputc.c           0x00000000   Number         0  fputc.o ABSOLUTE
    ../clib/microlib/stdio/semi.s            0x00000000   Number         0  semi.o ABSOLUTE
    ../clib/microlib/stdio/streams.c         0x00000000   Number         0  stdout.o ABSOLUTE
    ../clib/microlib/string/memset.c         0x00000000   Number         0  memseta.o ABSOLUTE
    ../clib/microlib/string/strcmp.c         0x00000000   Number         0  strcmp.o ABSOLUTE
    ../clib/microlib/string/strlen.c         0x00000000   Number         0  strlen.o ABSOLUTE
    ../clib/microlib/stubs.s                 0x00000000   Number         0  iusesemip.o ABSOLUTE
    ../clib/microlib/stubs.s                 0x00000000   Number         0  iusefp.o ABSOLUTE
    ../fplib/microlib/d2f.c                  0x00000000   Number         0  d2f.o ABSOLUTE
    ../fplib/microlib/f2d.c                  0x00000000   Number         0  f2d.o ABSOLUTE
    ../fplib/microlib/fpadd.c                0x00000000   Number         0  dadd.o ABSOLUTE
    ../fplib/microlib/fpdiv.c                0x00000000   Number         0  ddiv.o ABSOLUTE
    ../fplib/microlib/fpepilogue.c           0x00000000   Number         0  depilogue.o ABSOLUTE
    ../fplib/microlib/fpepilogue.c           0x00000000   Number         0  fepilogue.o ABSOLUTE
    ../fplib/microlib/fpfix.c                0x00000000   Number         0  dfixul.o ABSOLUTE
    ../fplib/microlib/fpfix.c                0x00000000   Number         0  dfixui.o ABSOLUTE
    ../fplib/microlib/fpfix.c                0x00000000   Number         0  dfixi.o ABSOLUTE
    ../fplib/microlib/fpflt.c                0x00000000   Number         0  dflti.o ABSOLUTE
    ../fplib/microlib/fpflt.c                0x00000000   Number         0  dfltui.o ABSOLUTE
    ../fplib/microlib/fpmul.c                0x00000000   Number         0  dmul.o ABSOLUTE
    ..\Drivers\STM32F1xx_HAL_Driver\Src\stm32f1xx_hal.c 0x00000000   Number         0  stm32f1xx_hal.o ABSOLUTE
    ..\Drivers\STM32F1xx_HAL_Driver\Src\stm32f1xx_hal_cortex.c 0x00000000   Number         0  stm32f1xx_hal_cortex.o ABSOLUTE
    ..\Drivers\STM32F1xx_HAL_Driver\Src\stm32f1xx_hal_dma.c 0x00000000   Number         0  stm32f1xx_hal_dma.o ABSOLUTE
    ..\Drivers\STM32F1xx_HAL_Driver\Src\stm32f1xx_hal_flash.c 0x00000000   Number         0  stm32f1xx_hal_flash.o ABSOLUTE
    ..\Drivers\STM32F1xx_HAL_Driver\Src\stm32f1xx_hal_flash_ex.c 0x00000000   Number         0  stm32f1xx_hal_flash_ex.o ABSOLUTE
    ..\Drivers\STM32F1xx_HAL_Driver\Src\stm32f1xx_hal_gpio.c 0x00000000   Number         0  stm32f1xx_hal_gpio.o ABSOLUTE
    ..\Drivers\STM32F1xx_HAL_Driver\Src\stm32f1xx_hal_gpio_ex.c 0x00000000   Number         0  stm32f1xx_hal_gpio_ex.o ABSOLUTE
    ..\Drivers\STM32F1xx_HAL_Driver\Src\stm32f1xx_hal_pwr.c 0x00000000   Number         0  stm32f1xx_hal_pwr.o ABSOLUTE
    ..\Drivers\STM32F1xx_HAL_Driver\Src\stm32f1xx_hal_rcc.c 0x00000000   Number         0  stm32f1xx_hal_rcc.o ABSOLUTE
    ..\Drivers\STM32F1xx_HAL_Driver\Src\stm32f1xx_hal_rcc_ex.c 0x00000000   Number         0  stm32f1xx_hal_rcc_ex.o ABSOLUTE
    ..\Drivers\STM32F1xx_HAL_Driver\Src\stm32f1xx_hal_sram.c 0x00000000   Number         0  stm32f1xx_hal_sram.o ABSOLUTE
    ..\Drivers\STM32F1xx_HAL_Driver\Src\stm32f1xx_hal_tim.c 0x00000000   Number         0  stm32f1xx_hal_tim.o ABSOLUTE
    ..\Drivers\STM32F1xx_HAL_Driver\Src\stm32f1xx_hal_tim_ex.c 0x00000000   Number         0  stm32f1xx_hal_tim_ex.o ABSOLUTE
    ..\Drivers\STM32F1xx_HAL_Driver\Src\stm32f1xx_ll_fsmc.c 0x00000000   Number         0  stm32f1xx_ll_fsmc.o ABSOLUTE
    ..\Src\lcdtp.c                           0x00000000   Number         0  lcdtp.o ABSOLUTE
    ..\Src\main.c                            0x00000000   Number         0  main.o ABSOLUTE
    ..\Src\stm32f1xx_hal_msp.c               0x00000000   Number         0  stm32f1xx_hal_msp.o ABSOLUTE
    ..\Src\stm32f1xx_it.c                    0x00000000   Number         0  stm32f1xx_it.o ABSOLUTE
    ..\Src\system_stm32f1xx.c                0x00000000   Number         0  system_stm32f1xx.o ABSOLUTE
    ..\Src\xpt2046.c                         0x00000000   Number         0  xpt2046.o ABSOLUTE
    ..\\Src\\lcdtp.c                         0x00000000   Number         0  lcdtp.o ABSOLUTE
    ..\\Src\\xpt2046.c                       0x00000000   Number         0  xpt2046.o ABSOLUTE
    cdcmple.s                                0x00000000   Number         0  cdcmple.o ABSOLUTE
    cdrcmple.s                               0x00000000   Number         0  cdrcmple.o ABSOLUTE
    dc.s                                     0x00000000   Number         0  dc.o ABSOLUTE
    handlers.s                               0x00000000   Number         0  handlers.o ABSOLUTE
    init.s                                   0x00000000   Number         0  init.o ABSOLUTE
    startup_stm32f103xe.s                    0x00000000   Number         0  startup_stm32f103xe.o ABSOLUTE
    RESET                                    0x08000000   Section      304  startup_stm32f103xe.o(RESET)
    .ARM.Collect$$$$00000000                 0x08000130   Section        0  entry.o(.ARM.Collect$$$$00000000)
    .ARM.Collect$$$$00000001                 0x08000130   Section        4  entry2.o(.ARM.Collect$$$$00000001)
    .ARM.Collect$$$$00000004                 0x08000134   Section        4  entry5.o(.ARM.Collect$$$$00000004)
    .ARM.Collect$$$$00000008                 0x08000138   Section        0  entry7b.o(.ARM.Collect$$$$00000008)
    .ARM.Collect$$$$0000000A                 0x08000138   Section        0  entry8b.o(.ARM.Collect$$$$0000000A)
    .ARM.Collect$$$$0000000B                 0x08000138   Section        8  entry9a.o(.ARM.Collect$$$$0000000B)
    .ARM.Collect$$$$0000000D                 0x08000140   Section        0  entry10a.o(.ARM.Collect$$$$0000000D)
    .ARM.Collect$$$$0000000F                 0x08000140   Section        0  entry11a.o(.ARM.Collect$$$$0000000F)
    .ARM.Collect$$$$00002712                 0x08000140   Section        4  entry2.o(.ARM.Collect$$$$00002712)
    __lit__00000000                          0x08000140   Data           4  entry2.o(.ARM.Collect$$$$00002712)
    .text                                    0x08000144   Section       36  startup_stm32f103xe.o(.text)
    .text                                    0x08000168   Section        0  llushr.o(.text)
    .text                                    0x08000188   Section        0  memseta.o(.text)
    .text                                    0x080001ac   Section        0  strcmp.o(.text)
    .text                                    0x080001c8   Section        0  dadd.o(.text)
    .text                                    0x08000316   Section        0  dmul.o(.text)
    .text                                    0x080003fa   Section        0  ddiv.o(.text)
    .text                                    0x080004d8   Section        0  dflti.o(.text)
    .text                                    0x080004fa   Section        0  dfltui.o(.text)
    .text                                    0x08000514   Section        0  dfixi.o(.text)
    .text                                    0x08000552   Section        0  dfixui.o(.text)
    .text                                    0x08000584   Section        0  f2d.o(.text)
    .text                                    0x080005aa   Section        0  d2f.o(.text)
    .text                                    0x080005e2   Section        0  uidiv.o(.text)
    .text                                    0x0800060e   Section        0  uldiv.o(.text)
    .text                                    0x08000670   Section        0  llshl.o(.text)
    .text                                    0x0800068e   Section        0  llsshr.o(.text)
    .text                                    0x080006b2   Section        0  iusefp.o(.text)
    .text                                    0x080006b2   Section        0  fepilogue.o(.text)
    .text                                    0x08000720   Section        0  depilogue.o(.text)
    .text                                    0x080007da   Section        0  dfixul.o(.text)
    .text                                    0x0800080c   Section       48  cdrcmple.o(.text)
    .text                                    0x0800083c   Section       36  init.o(.text)
    i.BusFault_Handler                       0x08000860   Section        0  stm32f1xx_it.o(i.BusFault_Handler)
    i.DebugMon_Handler                       0x08000862   Section        0  stm32f1xx_it.o(i.DebugMon_Handler)
    i.Delay                                  0x08000864   Section        0  lcdtp.o(i.Delay)
    i.EXTI4_IRQHandler                       0x08000874   Section        0  stm32f1xx_it.o(i.EXTI4_IRQHandler)
    i.EXTI9_5_IRQHandler                     0x0800087c   Section        0  stm32f1xx_it.o(i.EXTI9_5_IRQHandler)
    i.FSMC_NORSRAM_Extended_Timing_Init      0x080008e8   Section        0  stm32f1xx_ll_fsmc.o(i.FSMC_NORSRAM_Extended_Timing_Init)
    i.FSMC_NORSRAM_Init                      0x08000938   Section        0  stm32f1xx_ll_fsmc.o(i.FSMC_NORSRAM_Init)
    i.FSMC_NORSRAM_Timing_Init               0x08000a2c   Section        0  stm32f1xx_ll_fsmc.o(i.FSMC_NORSRAM_Timing_Init)
    i.HAL_Delay                              0x08000a7c   Section        0  stm32f1xx_hal.o(i.HAL_Delay)
    i.HAL_FSMC_MspInit                       0x08000aa4   Section        0  stm32f1xx_hal_msp.o(i.HAL_FSMC_MspInit)
    HAL_FSMC_MspInit                         0x08000aa5   Thumb Code    88  stm32f1xx_hal_msp.o(i.HAL_FSMC_MspInit)
    i.HAL_GPIO_EXTI_Callback                 0x08000b0c   Section        0  stm32f1xx_hal_gpio.o(i.HAL_GPIO_EXTI_Callback)
    i.HAL_GPIO_EXTI_IRQHandler               0x08000b10   Section        0  stm32f1xx_hal_gpio.o(i.HAL_GPIO_EXTI_IRQHandler)
    i.HAL_GPIO_Init                          0x08000b28   Section        0  stm32f1xx_hal_gpio.o(i.HAL_GPIO_Init)
    i.HAL_GPIO_ReadPin                       0x08000d34   Section        0  stm32f1xx_hal_gpio.o(i.HAL_GPIO_ReadPin)
    i.HAL_GPIO_WritePin                      0x08000d42   Section        0  stm32f1xx_hal_gpio.o(i.HAL_GPIO_WritePin)
    i.HAL_GetTick                            0x08000d50   Section        0  stm32f1xx_hal.o(i.HAL_GetTick)
    i.HAL_IncTick                            0x08000d5c   Section        0  stm32f1xx_hal.o(i.HAL_IncTick)
    i.HAL_Init                               0x08000d6c   Section        0  stm32f1xx_hal.o(i.HAL_Init)
    i.HAL_InitTick                           0x08000d90   Section        0  stm32f1xx_hal.o(i.HAL_InitTick)
    i.HAL_MspInit                            0x08000dd4   Section        0  stm32f1xx_hal_msp.o(i.HAL_MspInit)
    i.HAL_NVIC_EnableIRQ                     0x08000e10   Section        0  stm32f1xx_hal_cortex.o(i.HAL_NVIC_EnableIRQ)
    i.HAL_NVIC_SetPriority                   0x08000e28   Section        0  stm32f1xx_hal_cortex.o(i.HAL_NVIC_SetPriority)
    i.HAL_NVIC_SetPriorityGrouping           0x08000e90   Section        0  stm32f1xx_hal_cortex.o(i.HAL_NVIC_SetPriorityGrouping)
    i.HAL_RCC_ClockConfig                    0x08000eb4   Section        0  stm32f1xx_hal_rcc.o(i.HAL_RCC_ClockConfig)
    i.HAL_RCC_GetSysClockFreq                0x08001070   Section        0  stm32f1xx_hal_rcc.o(i.HAL_RCC_GetSysClockFreq)
    i.HAL_RCC_OscConfig                      0x080010e8   Section        0  stm32f1xx_hal_rcc.o(i.HAL_RCC_OscConfig)
    i.HAL_SRAM_Init                          0x080014e8   Section        0  stm32f1xx_hal_sram.o(i.HAL_SRAM_Init)
    i.HAL_SRAM_MspInit                       0x08001540   Section        0  stm32f1xx_hal_msp.o(i.HAL_SRAM_MspInit)
    i.HAL_SYSTICK_Config                     0x08001544   Section        0  stm32f1xx_hal_cortex.o(i.HAL_SYSTICK_Config)
    i.HardFault_Handler                      0x0800156c   Section        0  stm32f1xx_it.o(i.HardFault_Handler)
    i.LCD_BackLed_Control                    0x08001570   Section        0  lcdtp.o(i.LCD_BackLed_Control)
    i.LCD_Clear                              0x08001588   Section        0  lcdtp.o(i.LCD_Clear)
    i.LCD_DrawChar                           0x080015a4   Section        0  lcdtp.o(i.LCD_DrawChar)
    i.LCD_DrawDot                            0x080015f4   Section        0  lcdtp.o(i.LCD_DrawDot)
    i.LCD_DrawLine                           0x08001618   Section        0  lcdtp.o(i.LCD_DrawLine)
    i.LCD_DrawRectButton                     0x080016b6   Section        0  lcdtp.o(i.LCD_DrawRectButton)
    i.LCD_DrawString                         0x0800172c   Section        0  lcdtp.o(i.LCD_DrawString)
    i.LCD_FillColor                          0x0800176c   Section        0  lcdtp.o(i.LCD_FillColor)
    i.LCD_INIT                               0x08001788   Section        0  lcdtp.o(i.LCD_INIT)
    i.LCD_OpenWindow                         0x080017b0   Section        0  lcdtp.o(i.LCD_OpenWindow)
    i.LCD_REG_Config                         0x080017f0   Section        0  lcdtp.o(i.LCD_REG_Config)
    i.LCD_Rst                                0x08001968   Section        0  lcdtp.o(i.LCD_Rst)
    i.MX_FSMC_Init                           0x0800199c   Section        0  main.o(i.MX_FSMC_Init)
    MX_FSMC_Init                             0x0800199d   Thumb Code   100  main.o(i.MX_FSMC_Init)
    i.MX_GPIO_Init                           0x08001a0c   Section        0  main.o(i.MX_GPIO_Init)
    MX_GPIO_Init                             0x08001a0d   Thumb Code   302  main.o(i.MX_GPIO_Init)
    i.MemManage_Handler                      0x08001b58   Section        0  stm32f1xx_it.o(i.MemManage_Handler)
    i.NMI_Handler                            0x08001b5a   Section        0  stm32f1xx_it.o(i.NMI_Handler)
    i.PendSV_Handler                         0x08001b5c   Section        0  stm32f1xx_it.o(i.PendSV_Handler)
    i.RCC_Delay                              0x08001b60   Section        0  stm32f1xx_hal_rcc.o(i.RCC_Delay)
    RCC_Delay                                0x08001b61   Thumb Code    32  stm32f1xx_hal_rcc.o(i.RCC_Delay)
    i.SVC_Handler                            0x08001b84   Section        0  stm32f1xx_it.o(i.SVC_Handler)
    i.SysTick_Handler                        0x08001b86   Section        0  stm32f1xx_it.o(i.SysTick_Handler)
    i.SystemClock_Config                     0x08001b8a   Section        0  main.o(i.SystemClock_Config)
    i.SystemInit                             0x08001bd8   Section        0  system_stm32f1xx.o(i.SystemInit)
    i.UsageFault_Handler                     0x08001c20   Section        0  stm32f1xx_it.o(i.UsageFault_Handler)
    i.XPT2046_DelayUS                        0x08001c22   Section        0  xpt2046.o(i.XPT2046_DelayUS)
    XPT2046_DelayUS                          0x08001c23   Thumb Code    24  xpt2046.o(i.XPT2046_DelayUS)
    i.XPT2046_Get_TouchedPoint               0x08001c3a   Section        0  xpt2046.o(i.XPT2046_Get_TouchedPoint)
    i.XPT2046_ReadAdc                        0x08001cd0   Section        0  xpt2046.o(i.XPT2046_ReadAdc)
    XPT2046_ReadAdc                          0x08001cd1   Thumb Code    82  xpt2046.o(i.XPT2046_ReadAdc)
    i.XPT2046_ReadAdc_Smooth_XY              0x08001d28   Section        0  xpt2046.o(i.XPT2046_ReadAdc_Smooth_XY)
    XPT2046_ReadAdc_Smooth_XY                0x08001d29   Thumb Code   306  xpt2046.o(i.XPT2046_ReadAdc_Smooth_XY)
    i.XPT2046_WriteCMD                       0x08001e64   Section        0  xpt2046.o(i.XPT2046_WriteCMD)
    XPT2046_WriteCMD                         0x08001e65   Thumb Code    96  xpt2046.o(i.XPT2046_WriteCMD)
    i.__0sprintf                             0x08001ec8   Section        0  printfa.o(i.__0sprintf)
    i.__scatterload_copy                     0x08001ef0   Section       14  handlers.o(i.__scatterload_copy)
    i.__scatterload_null                     0x08001efe   Section        2  handlers.o(i.__scatterload_null)
    i.__scatterload_zeroinit                 0x08001f00   Section       14  handlers.o(i.__scatterload_zeroinit)
    i._fp_digits                             0x08001f10   Section        0  printfa.o(i._fp_digits)
    _fp_digits                               0x08001f11   Thumb Code   366  printfa.o(i._fp_digits)
    i._printf_core                           0x08002094   Section        0  printfa.o(i._printf_core)
    _printf_core                             0x08002095   Thumb Code  1744  printfa.o(i._printf_core)
    i._printf_post_padding                   0x08002770   Section        0  printfa.o(i._printf_post_padding)
    _printf_post_padding                     0x08002771   Thumb Code    36  printfa.o(i._printf_post_padding)
    i._printf_pre_padding                    0x08002794   Section        0  printfa.o(i._printf_pre_padding)
    _printf_pre_padding                      0x08002795   Thumb Code    46  printfa.o(i._printf_pre_padding)
    i._sputc                                 0x080027c2   Section        0  printfa.o(i._sputc)
    _sputc                                   0x080027c3   Thumb Code    10  printfa.o(i._sputc)
    i.incrementInterruptTimer                0x080027cc   Section        0  main.o(i.incrementInterruptTimer)
    i.inputHour                              0x080027e4   Section        0  main.o(i.inputHour)
    i.inputTurn                              0x08002984   Section        0  main.o(i.inputTurn)
    i.isTouched                              0x08002b18   Section        0  main.o(i.isTouched)
    i.loadData                               0x08002b40   Section        0  main.o(i.loadData)
    i.main                                   0x08002bd0   Section        0  main.o(i.main)
    i.rotateFullCycle                        0x08002d8c   Section        0  main.o(i.rotateFullCycle)
    i.saveData                               0x08002f34   Section        0  main.o(i.saveData)
    i.selectInputType                        0x08002fdc   Section        0  main.o(i.selectInputType)
    i.selectModel                            0x080030d4   Section        0  main.o(i.selectModel)
    i.startRotate                            0x080031cc   Section        0  main.o(i.startRotate)
    i.startWinding                           0x0800329c   Section        0  main.o(i.startWinding)
    .constdata                               0x080033a4   Section     1520  lcdtp.o(.constdata)
    .constdata                               0x08003994   Section       16  system_stm32f1xx.o(.constdata)
    .conststring                             0x080039a4   Section       83  main.o(.conststring)
    .data                                    0x20000000   Section      112  main.o(.data)
    .data                                    0x20000070   Section        8  stm32f1xx_hal_msp.o(.data)
    FSMC_Initialized                         0x20000070   Data           4  stm32f1xx_hal_msp.o(.data)
    FSMC_DeInitialized                       0x20000074   Data           4  stm32f1xx_hal_msp.o(.data)
    .data                                    0x20000078   Section       56  xpt2046.o(.data)
    .data                                    0x200000b0   Section        4  system_stm32f1xx.o(.data)
    .data                                    0x200000b4   Section       12  stm32f1xx_hal.o(.data)
    .bss                                     0x200000c0   Section       68  main.o(.bss)
    STACK                                    0x20000108   Section     1024  startup_stm32f103xe.o(STACK)

    Global Symbols

    Symbol Name                              Value     Ov Type        Size  Object(Section)

    BuildAttributes$$THM_ISAv4$P$D$K$B$S$PE$A:L22UL41UL21$X:L11$S22US41US21$IEEE1$IW$USESV6$~STKCKD$USESV7$~SHL$OTIME$ROPI$EBA8$MICROLIB$REQ8$PRES8$EABIv2 0x00000000   Number         0  anon$$obj.o ABSOLUTE
    __ARM_use_no_argv                        0x00000000   Number         0  main.o ABSOLUTE
    _printf_a                                0x00000000   Number         0  stubs.o ABSOLUTE
    _printf_c                                0x00000000   Number         0  stubs.o ABSOLUTE
    _printf_charcount                        0x00000000   Number         0  stubs.o ABSOLUTE
    _printf_d                                0x00000000   Number         0  stubs.o ABSOLUTE
    _printf_e                                0x00000000   Number         0  stubs.o ABSOLUTE
    _printf_f                                0x00000000   Number         0  stubs.o ABSOLUTE
    _printf_flags                            0x00000000   Number         0  stubs.o ABSOLUTE
    _printf_fp_dec                           0x00000000   Number         0  stubs.o ABSOLUTE
    _printf_fp_hex                           0x00000000   Number         0  stubs.o ABSOLUTE
    _printf_g                                0x00000000   Number         0  stubs.o ABSOLUTE
    _printf_i                                0x00000000   Number         0  stubs.o ABSOLUTE
    _printf_int_dec                          0x00000000   Number         0  stubs.o ABSOLUTE
    _printf_l                                0x00000000   Number         0  stubs.o ABSOLUTE
    _printf_lc                               0x00000000   Number         0  stubs.o ABSOLUTE
    _printf_ll                               0x00000000   Number         0  stubs.o ABSOLUTE
    _printf_lld                              0x00000000   Number         0  stubs.o ABSOLUTE
    _printf_lli                              0x00000000   Number         0  stubs.o ABSOLUTE
    _printf_llo                              0x00000000   Number         0  stubs.o ABSOLUTE
    _printf_llu                              0x00000000   Number         0  stubs.o ABSOLUTE
    _printf_llx                              0x00000000   Number         0  stubs.o ABSOLUTE
    _printf_longlong_dec                     0x00000000   Number         0  stubs.o ABSOLUTE
    _printf_longlong_hex                     0x00000000   Number         0  stubs.o ABSOLUTE
    _printf_longlong_oct                     0x00000000   Number         0  stubs.o ABSOLUTE
    _printf_ls                               0x00000000   Number         0  stubs.o ABSOLUTE
    _printf_mbtowc                           0x00000000   Number         0  stubs.o ABSOLUTE
    _printf_n                                0x00000000   Number         0  stubs.o ABSOLUTE
    _printf_o                                0x00000000   Number         0  stubs.o ABSOLUTE
    _printf_p                                0x00000000   Number         0  stubs.o ABSOLUTE
    _printf_percent                          0x00000000   Number         0  stubs.o ABSOLUTE
    _printf_pre_padding                      0x00000000   Number         0  stubs.o ABSOLUTE
    _printf_return_value                     0x00000000   Number         0  stubs.o ABSOLUTE
    _printf_s                                0x00000000   Number         0  stubs.o ABSOLUTE
    _printf_sizespec                         0x00000000   Number         0  stubs.o ABSOLUTE
    _printf_str                              0x00000000   Number         0  stubs.o ABSOLUTE
    _printf_truncate_signed                  0x00000000   Number         0  stubs.o ABSOLUTE
    _printf_truncate_unsigned                0x00000000   Number         0  stubs.o ABSOLUTE
    _printf_u                                0x00000000   Number         0  stubs.o ABSOLUTE
    _printf_wc                               0x00000000   Number         0  stubs.o ABSOLUTE
    _printf_wctomb                           0x00000000   Number         0  stubs.o ABSOLUTE
    _printf_widthprec                        0x00000000   Number         0  stubs.o ABSOLUTE
    _printf_x                                0x00000000   Number         0  stubs.o ABSOLUTE
    __cpp_initialize__aeabi_                  - Undefined Weak Reference
    __cxa_finalize                            - Undefined Weak Reference
    __decompress                              - Undefined Weak Reference
    _clock_init                               - Undefined Weak Reference
    _microlib_exit                            - Undefined Weak Reference
    __Vectors_Size                           0x00000130   Number         0  startup_stm32f103xe.o ABSOLUTE
    __Vectors                                0x08000000   Data           4  startup_stm32f103xe.o(RESET)
    __Vectors_End                            0x08000130   Data           0  startup_stm32f103xe.o(RESET)
    __main                                   0x08000131   Thumb Code     0  entry.o(.ARM.Collect$$$$00000000)
    _main_stk                                0x08000131   Thumb Code     0  entry2.o(.ARM.Collect$$$$00000001)
    _main_scatterload                        0x08000135   Thumb Code     0  entry5.o(.ARM.Collect$$$$00000004)
    __main_after_scatterload                 0x08000139   Thumb Code     0  entry5.o(.ARM.Collect$$$$00000004)
    _main_clock                              0x08000139   Thumb Code     0  entry7b.o(.ARM.Collect$$$$00000008)
    _main_cpp_init                           0x08000139   Thumb Code     0  entry8b.o(.ARM.Collect$$$$0000000A)
    _main_init                               0x08000139   Thumb Code     0  entry9a.o(.ARM.Collect$$$$0000000B)
    __rt_final_cpp                           0x08000141   Thumb Code     0  entry10a.o(.ARM.Collect$$$$0000000D)
    __rt_final_exit                          0x08000141   Thumb Code     0  entry11a.o(.ARM.Collect$$$$0000000F)
    Reset_Handler                            0x08000145   Thumb Code     8  startup_stm32f103xe.o(.text)
    ADC1_2_IRQHandler                        0x0800015f   Thumb Code     0  startup_stm32f103xe.o(.text)
    ADC3_IRQHandler                          0x0800015f   Thumb Code     0  startup_stm32f103xe.o(.text)
    CAN1_RX1_IRQHandler                      0x0800015f   Thumb Code     0  startup_stm32f103xe.o(.text)
    CAN1_SCE_IRQHandler                      0x0800015f   Thumb Code     0  startup_stm32f103xe.o(.text)
    DMA1_Channel1_IRQHandler                 0x0800015f   Thumb Code     0  startup_stm32f103xe.o(.text)
    DMA1_Channel2_IRQHandler                 0x0800015f   Thumb Code     0  startup_stm32f103xe.o(.text)
    DMA1_Channel3_IRQHandler                 0x0800015f   Thumb Code     0  startup_stm32f103xe.o(.text)
    DMA1_Channel4_IRQHandler                 0x0800015f   Thumb Code     0  startup_stm32f103xe.o(.text)
    DMA1_Channel5_IRQHandler                 0x0800015f   Thumb Code     0  startup_stm32f103xe.o(.text)
    DMA1_Channel6_IRQHandler                 0x0800015f   Thumb Code     0  startup_stm32f103xe.o(.text)
    DMA1_Channel7_IRQHandler                 0x0800015f   Thumb Code     0  startup_stm32f103xe.o(.text)
    DMA2_Channel1_IRQHandler                 0x0800015f   Thumb Code     0  startup_stm32f103xe.o(.text)
    DMA2_Channel2_IRQHandler                 0x0800015f   Thumb Code     0  startup_stm32f103xe.o(.text)
    DMA2_Channel3_IRQHandler                 0x0800015f   Thumb Code     0  startup_stm32f103xe.o(.text)
    DMA2_Channel4_5_IRQHandler               0x0800015f   Thumb Code     0  startup_stm32f103xe.o(.text)
    EXTI0_IRQHandler                         0x0800015f   Thumb Code     0  startup_stm32f103xe.o(.text)
    EXTI15_10_IRQHandler                     0x0800015f   Thumb Code     0  startup_stm32f103xe.o(.text)
    EXTI1_IRQHandler                         0x0800015f   Thumb Code     0  startup_stm32f103xe.o(.text)
    EXTI2_IRQHandler                         0x0800015f   Thumb Code     0  startup_stm32f103xe.o(.text)
    EXTI3_IRQHandler                         0x0800015f   Thumb Code     0  startup_stm32f103xe.o(.text)
    FLASH_IRQHandler                         0x0800015f   Thumb Code     0  startup_stm32f103xe.o(.text)
    FSMC_IRQHandler                          0x0800015f   Thumb Code     0  startup_stm32f103xe.o(.text)
    I2C1_ER_IRQHandler                       0x0800015f   Thumb Code     0  startup_stm32f103xe.o(.text)
    I2C1_EV_IRQHandler                       0x0800015f   Thumb Code     0  startup_stm32f103xe.o(.text)
    I2C2_ER_IRQHandler                       0x0800015f   Thumb Code     0  startup_stm32f103xe.o(.text)
    I2C2_EV_IRQHandler                       0x0800015f   Thumb Code     0  startup_stm32f103xe.o(.text)
    PVD_IRQHandler                           0x0800015f   Thumb Code     0  startup_stm32f103xe.o(.text)
    RCC_IRQHandler                           0x0800015f   Thumb Code     0  startup_stm32f103xe.o(.text)
    RTC_Alarm_IRQHandler                     0x0800015f   Thumb Code     0  startup_stm32f103xe.o(.text)
    RTC_IRQHandler                           0x0800015f   Thumb Code     0  startup_stm32f103xe.o(.text)
    SDIO_IRQHandler                          0x0800015f   Thumb Code     0  startup_stm32f103xe.o(.text)
    SPI1_IRQHandler                          0x0800015f   Thumb Code     0  startup_stm32f103xe.o(.text)
    SPI2_IRQHandler                          0x0800015f   Thumb Code     0  startup_stm32f103xe.o(.text)
    SPI3_IRQHandler                          0x0800015f   Thumb Code     0  startup_stm32f103xe.o(.text)
    TAMPER_IRQHandler                        0x0800015f   Thumb Code     0  startup_stm32f103xe.o(.text)
    TIM1_BRK_IRQHandler                      0x0800015f   Thumb Code     0  startup_stm32f103xe.o(.text)
    TIM1_CC_IRQHandler                       0x0800015f   Thumb Code     0  startup_stm32f103xe.o(.text)
    TIM1_TRG_COM_IRQHandler                  0x0800015f   Thumb Code     0  startup_stm32f103xe.o(.text)
    TIM1_UP_IRQHandler                       0x0800015f   Thumb Code     0  startup_stm32f103xe.o(.text)
    TIM2_IRQHandler                          0x0800015f   Thumb Code     0  startup_stm32f103xe.o(.text)
    TIM3_IRQHandler                          0x0800015f   Thumb Code     0  startup_stm32f103xe.o(.text)
    TIM4_IRQHandler                          0x0800015f   Thumb Code     0  startup_stm32f103xe.o(.text)
    TIM5_IRQHandler                          0x0800015f   Thumb Code     0  startup_stm32f103xe.o(.text)
    TIM6_IRQHandler                          0x0800015f   Thumb Code     0  startup_stm32f103xe.o(.text)
    TIM7_IRQHandler                          0x0800015f   Thumb Code     0  startup_stm32f103xe.o(.text)
    TIM8_BRK_IRQHandler                      0x0800015f   Thumb Code     0  startup_stm32f103xe.o(.text)
    TIM8_CC_IRQHandler                       0x0800015f   Thumb Code     0  startup_stm32f103xe.o(.text)
    TIM8_TRG_COM_IRQHandler                  0x0800015f   Thumb Code     0  startup_stm32f103xe.o(.text)
    TIM8_UP_IRQHandler                       0x0800015f   Thumb Code     0  startup_stm32f103xe.o(.text)
    UART4_IRQHandler                         0x0800015f   Thumb Code     0  startup_stm32f103xe.o(.text)
    UART5_IRQHandler                         0x0800015f   Thumb Code     0  startup_stm32f103xe.o(.text)
    USART1_IRQHandler                        0x0800015f   Thumb Code     0  startup_stm32f103xe.o(.text)
    USART2_IRQHandler                        0x0800015f   Thumb Code     0  startup_stm32f103xe.o(.text)
    USART3_IRQHandler                        0x0800015f   Thumb Code     0  startup_stm32f103xe.o(.text)
    USBWakeUp_IRQHandler                     0x0800015f   Thumb Code     0  startup_stm32f103xe.o(.text)
    USB_HP_CAN1_TX_IRQHandler                0x0800015f   Thumb Code     0  startup_stm32f103xe.o(.text)
    USB_LP_CAN1_RX0_IRQHandler               0x0800015f   Thumb Code     0  startup_stm32f103xe.o(.text)
    WWDG_IRQHandler                          0x0800015f   Thumb Code     0  startup_stm32f103xe.o(.text)
    __aeabi_llsr                             0x08000169   Thumb Code    32  llushr.o(.text)
    _ll_ushift_r                             0x08000169   Thumb Code     0  llushr.o(.text)
    __aeabi_memset                           0x08000189   Thumb Code    14  memseta.o(.text)
    __aeabi_memset4                          0x08000189   Thumb Code     0  memseta.o(.text)
    __aeabi_memset8                          0x08000189   Thumb Code     0  memseta.o(.text)
    __aeabi_memclr                           0x08000197   Thumb Code     4  memseta.o(.text)
    __aeabi_memclr4                          0x08000197   Thumb Code     0  memseta.o(.text)
    __aeabi_memclr8                          0x08000197   Thumb Code     0  memseta.o(.text)
    _memset$wrapper                          0x0800019b   Thumb Code    18  memseta.o(.text)
    strcmp                                   0x080001ad   Thumb Code    28  strcmp.o(.text)
    __aeabi_dadd                             0x080001c9   Thumb Code   322  dadd.o(.text)
    __aeabi_dsub                             0x0800030b   Thumb Code     6  dadd.o(.text)
    __aeabi_drsub                            0x08000311   Thumb Code     6  dadd.o(.text)
    __aeabi_dmul                             0x08000317   Thumb Code   228  dmul.o(.text)
    __aeabi_ddiv                             0x080003fb   Thumb Code   222  ddiv.o(.text)
    __aeabi_i2d                              0x080004d9   Thumb Code    34  dflti.o(.text)
    __aeabi_ui2d                             0x080004fb   Thumb Code    26  dfltui.o(.text)
    __aeabi_d2iz                             0x08000515   Thumb Code    62  dfixi.o(.text)
    __aeabi_d2uiz                            0x08000553   Thumb Code    50  dfixui.o(.text)
    __aeabi_f2d                              0x08000585   Thumb Code    38  f2d.o(.text)
    __aeabi_d2f                              0x080005ab   Thumb Code    56  d2f.o(.text)
    __aeabi_uidiv                            0x080005e3   Thumb Code     0  uidiv.o(.text)
    __aeabi_uidivmod                         0x080005e3   Thumb Code    44  uidiv.o(.text)
    __aeabi_uldivmod                         0x0800060f   Thumb Code    98  uldiv.o(.text)
    __aeabi_llsl                             0x08000671   Thumb Code    30  llshl.o(.text)
    _ll_shift_l                              0x08000671   Thumb Code     0  llshl.o(.text)
    __aeabi_lasr                             0x0800068f   Thumb Code    36  llsshr.o(.text)
    _ll_sshift_r                             0x0800068f   Thumb Code     0  llsshr.o(.text)
    __I$use$fp                               0x080006b3   Thumb Code     0  iusefp.o(.text)
    _float_round                             0x080006b3   Thumb Code    18  fepilogue.o(.text)
    _float_epilogue                          0x080006c5   Thumb Code    92  fepilogue.o(.text)
    _double_round                            0x08000721   Thumb Code    30  depilogue.o(.text)
    _double_epilogue                         0x0800073f   Thumb Code   156  depilogue.o(.text)
    __aeabi_d2ulz                            0x080007db   Thumb Code    48  dfixul.o(.text)
    __aeabi_cdrcmple                         0x0800080d   Thumb Code    48  cdrcmple.o(.text)
    __scatterload                            0x0800083d   Thumb Code    28  init.o(.text)
    __scatterload_rt2                        0x0800083d   Thumb Code     0  init.o(.text)
    BusFault_Handler                         0x08000861   Thumb Code     2  stm32f1xx_it.o(i.BusFault_Handler)
    DebugMon_Handler                         0x08000863   Thumb Code     2  stm32f1xx_it.o(i.DebugMon_Handler)
    Delay                                    0x08000865   Thumb Code    16  lcdtp.o(i.Delay)
    EXTI4_IRQHandler                         0x08000875   Thumb Code     6  stm32f1xx_it.o(i.EXTI4_IRQHandler)
    EXTI9_5_IRQHandler                       0x0800087d   Thumb Code    62  stm32f1xx_it.o(i.EXTI9_5_IRQHandler)
    FSMC_NORSRAM_Extended_Timing_Init        0x080008e9   Thumb Code    76  stm32f1xx_ll_fsmc.o(i.FSMC_NORSRAM_Extended_Timing_Init)
    FSMC_NORSRAM_Init                        0x08000939   Thumb Code   238  stm32f1xx_ll_fsmc.o(i.FSMC_NORSRAM_Init)
    FSMC_NORSRAM_Timing_Init                 0x08000a2d   Thumb Code    80  stm32f1xx_ll_fsmc.o(i.FSMC_NORSRAM_Timing_Init)
    HAL_Delay                                0x08000a7d   Thumb Code    34  stm32f1xx_hal.o(i.HAL_Delay)
    HAL_GPIO_EXTI_Callback                   0x08000b0d   Thumb Code     2  stm32f1xx_hal_gpio.o(i.HAL_GPIO_EXTI_Callback)
    HAL_GPIO_EXTI_IRQHandler                 0x08000b11   Thumb Code    18  stm32f1xx_hal_gpio.o(i.HAL_GPIO_EXTI_IRQHandler)
    HAL_GPIO_Init                            0x08000b29   Thumb Code   512  stm32f1xx_hal_gpio.o(i.HAL_GPIO_Init)
    HAL_GPIO_ReadPin                         0x08000d35   Thumb Code    14  stm32f1xx_hal_gpio.o(i.HAL_GPIO_ReadPin)
    HAL_GPIO_WritePin                        0x08000d43   Thumb Code    14  stm32f1xx_hal_gpio.o(i.HAL_GPIO_WritePin)
    HAL_GetTick                              0x08000d51   Thumb Code     6  stm32f1xx_hal.o(i.HAL_GetTick)
    HAL_IncTick                              0x08000d5d   Thumb Code    12  stm32f1xx_hal.o(i.HAL_IncTick)
    HAL_Init                                 0x08000d6d   Thumb Code    32  stm32f1xx_hal.o(i.HAL_Init)
    HAL_InitTick                             0x08000d91   Thumb Code    58  stm32f1xx_hal.o(i.HAL_InitTick)
    HAL_MspInit                              0x08000dd5   Thumb Code    52  stm32f1xx_hal_msp.o(i.HAL_MspInit)
    HAL_NVIC_EnableIRQ                       0x08000e11   Thumb Code    24  stm32f1xx_hal_cortex.o(i.HAL_NVIC_EnableIRQ)
    HAL_NVIC_SetPriority                     0x08000e29   Thumb Code    98  stm32f1xx_hal_cortex.o(i.HAL_NVIC_SetPriority)
    HAL_NVIC_SetPriorityGrouping             0x08000e91   Thumb Code    30  stm32f1xx_hal_cortex.o(i.HAL_NVIC_SetPriorityGrouping)
    HAL_RCC_ClockConfig                      0x08000eb5   Thumb Code   426  stm32f1xx_hal_rcc.o(i.HAL_RCC_ClockConfig)
    HAL_RCC_GetSysClockFreq                  0x08001071   Thumb Code    88  stm32f1xx_hal_rcc.o(i.HAL_RCC_GetSysClockFreq)
    HAL_RCC_OscConfig                        0x080010e9   Thumb Code  1024  stm32f1xx_hal_rcc.o(i.HAL_RCC_OscConfig)
    HAL_SRAM_Init                            0x080014e9   Thumb Code    88  stm32f1xx_hal_sram.o(i.HAL_SRAM_Init)
    HAL_SRAM_MspInit                         0x08001541   Thumb Code     4  stm32f1xx_hal_msp.o(i.HAL_SRAM_MspInit)
    HAL_SYSTICK_Config                       0x08001545   Thumb Code    36  stm32f1xx_hal_cortex.o(i.HAL_SYSTICK_Config)
    HardFault_Handler                        0x0800156d   Thumb Code     2  stm32f1xx_it.o(i.HardFault_Handler)
    LCD_BackLed_Control                      0x08001571   Thumb Code    20  lcdtp.o(i.LCD_BackLed_Control)
    LCD_Clear                                0x08001589   Thumb Code    26  lcdtp.o(i.LCD_Clear)
    LCD_DrawChar                             0x080015a5   Thumb Code    70  lcdtp.o(i.LCD_DrawChar)
    LCD_DrawDot                              0x080015f5   Thumb Code    34  lcdtp.o(i.LCD_DrawDot)
    LCD_DrawLine                             0x08001619   Thumb Code   158  lcdtp.o(i.LCD_DrawLine)
    LCD_DrawRectButton                       0x080016b7   Thumb Code   116  lcdtp.o(i.LCD_DrawRectButton)
    LCD_DrawString                           0x0800172d   Thumb Code    64  lcdtp.o(i.LCD_DrawString)
    LCD_FillColor                            0x0800176d   Thumb Code    24  lcdtp.o(i.LCD_FillColor)
    LCD_INIT                                 0x08001789   Thumb Code    38  lcdtp.o(i.LCD_INIT)
    LCD_OpenWindow                           0x080017b1   Thumb Code    58  lcdtp.o(i.LCD_OpenWindow)
    LCD_REG_Config                           0x080017f1   Thumb Code   368  lcdtp.o(i.LCD_REG_Config)
    LCD_Rst                                  0x08001969   Thumb Code    42  lcdtp.o(i.LCD_Rst)
    MemManage_Handler                        0x08001b59   Thumb Code     2  stm32f1xx_it.o(i.MemManage_Handler)
    NMI_Handler                              0x08001b5b   Thumb Code     2  stm32f1xx_it.o(i.NMI_Handler)
    PendSV_Handler                           0x08001b5d   Thumb Code     2  stm32f1xx_it.o(i.PendSV_Handler)
    SVC_Handler                              0x08001b85   Thumb Code     2  stm32f1xx_it.o(i.SVC_Handler)
    SysTick_Handler                          0x08001b87   Thumb Code     4  stm32f1xx_it.o(i.SysTick_Handler)
    SystemClock_Config                       0x08001b8b   Thumb Code    78  main.o(i.SystemClock_Config)
    SystemInit                               0x08001bd9   Thumb Code    56  system_stm32f1xx.o(i.SystemInit)
    UsageFault_Handler                       0x08001c21   Thumb Code     2  stm32f1xx_it.o(i.UsageFault_Handler)
    XPT2046_Get_TouchedPoint                 0x08001c3b   Thumb Code   150  xpt2046.o(i.XPT2046_Get_TouchedPoint)
    __0sprintf                               0x08001ec9   Thumb Code    34  printfa.o(i.__0sprintf)
    __1sprintf                               0x08001ec9   Thumb Code     0  printfa.o(i.__0sprintf)
    __2sprintf                               0x08001ec9   Thumb Code     0  printfa.o(i.__0sprintf)
    __c89sprintf                             0x08001ec9   Thumb Code     0  printfa.o(i.__0sprintf)
    sprintf                                  0x08001ec9   Thumb Code     0  printfa.o(i.__0sprintf)
    __scatterload_copy                       0x08001ef1   Thumb Code    14  handlers.o(i.__scatterload_copy)
    __scatterload_null                       0x08001eff   Thumb Code     2  handlers.o(i.__scatterload_null)
    __scatterload_zeroinit                   0x08001f01   Thumb Code    14  handlers.o(i.__scatterload_zeroinit)
    incrementInterruptTimer                  0x080027cd   Thumb Code    18  main.o(i.incrementInterruptTimer)
    inputHour                                0x080027e5   Thumb Code   292  main.o(i.inputHour)
    inputTurn                                0x08002985   Thumb Code   278  main.o(i.inputTurn)
    isTouched                                0x08002b19   Thumb Code    34  main.o(i.isTouched)
    loadData                                 0x08002b41   Thumb Code    78  main.o(i.loadData)
    main                                     0x08002bd1   Thumb Code   346  main.o(i.main)
    rotateFullCycle                          0x08002d8d   Thumb Code   410  main.o(i.rotateFullCycle)
    saveData                                 0x08002f35   Thumb Code   106  main.o(i.saveData)
    selectInputType                          0x08002fdd   Thumb Code   164  main.o(i.selectInputType)
    selectModel                              0x080030d5   Thumb Code   184  main.o(i.selectModel)
    startRotate                              0x080031cd   Thumb Code   156  main.o(i.startRotate)
    startWinding                             0x0800329d   Thumb Code   154  main.o(i.startWinding)
    ucAscii_1608                             0x080033a4   Data        1520  lcdtp.o(.constdata)
    AHBPrescTable                            0x08003994   Data          16  system_stm32f1xx.o(.constdata)
    Region$$Table$$Base                      0x080039f8   Number         0  anon$$obj.o(Region$$Table)
    Region$$Table$$Limit                     0x08003a18   Number         0  anon$$obj.o(Region$$Table)
    interruptFlag                            0x20000000   Data           1  main.o(.data)
    targetHour                               0x20000004   Data           4  main.o(.data)
    interruptTimer                           0x20000008   Data           4  main.o(.data)
    targetNumRotation                        0x2000000c   Data           4  main.o(.data)
    curNumRotation                           0x20000010   Data           4  main.o(.data)
    curHour                                  0x20000014   Data           4  main.o(.data)
    touchPara                                0x20000018   Data          48  main.o(.data)
    modelName                                0x20000048   Data          20  main.o(.data)
    modelTurn                                0x2000005c   Data          20  main.o(.data)
    ucXPT2046_TouchFlag                      0x20000078   Data           1  xpt2046.o(.data)
    strXPT2046_TouchPara                     0x20000080   Data          48  xpt2046.o(.data)
    SystemCoreClock                          0x200000b0   Data           4  system_stm32f1xx.o(.data)
    uwTickFreq                               0x200000b4   Data           1  stm32f1xx_hal.o(.data)
    uwTickPrio                               0x200000b8   Data           4  stm32f1xx_hal.o(.data)
    uwTick                                   0x200000bc   Data           4  stm32f1xx_hal.o(.data)
    hsram1                                   0x200000c0   Data          68  main.o(.bss)
    __initial_sp                             0x20000508   Data           0  startup_stm32f103xe.o(STACK)



==============================================================================

Memory Map of the image

  Image Entry point : 0x08000131

  Load Region LR_IROM1 (Base: 0x08000000, Size: 0x00003ad8, Max: 0x00080000, ABSOLUTE)

    Execution Region ER_IROM1 (Base: 0x08000000, Size: 0x00003a18, Max: 0x00080000, ABSOLUTE)

    Base Addr    Size         Type   Attr      Idx    E Section Name        Object

    0x08000000   0x00000130   Data   RO            3    RESET               startup_stm32f103xe.o
    0x08000130   0x00000000   Code   RO         1859  * .ARM.Collect$$$$00000000  mc_w.l(entry.o)
    0x08000130   0x00000004   Code   RO         2151    .ARM.Collect$$$$00000001  mc_w.l(entry2.o)
    0x08000134   0x00000004   Code   RO         2154    .ARM.Collect$$$$00000004  mc_w.l(entry5.o)
    0x08000138   0x00000000   Code   RO         2156    .ARM.Collect$$$$00000008  mc_w.l(entry7b.o)
    0x08000138   0x00000000   Code   RO         2158    .ARM.Collect$$$$0000000A  mc_w.l(entry8b.o)
    0x08000138   0x00000008   Code   RO         2159    .ARM.Collect$$$$0000000B  mc_w.l(entry9a.o)
    0x08000140   0x00000000   Code   RO         2161    .ARM.Collect$$$$0000000D  mc_w.l(entry10a.o)
    0x08000140   0x00000000   Code   RO         2163    .ARM.Collect$$$$0000000F  mc_w.l(entry11a.o)
    0x08000140   0x00000004   Code   RO         2152    .ARM.Collect$$$$00002712  mc_w.l(entry2.o)
    0x08000144   0x00000024   Code   RO            4    .text               startup_stm32f103xe.o
    0x08000168   0x00000020   Code   RO         1862    .text               mc_w.l(llushr.o)
    0x08000188   0x00000024   Code   RO         1864    .text               mc_w.l(memseta.o)
    0x080001ac   0x0000001c   Code   RO         1868    .text               mc_w.l(strcmp.o)
    0x080001c8   0x0000014e   Code   RO         2131    .text               mf_w.l(dadd.o)
    0x08000316   0x000000e4   Code   RO         2133    .text               mf_w.l(dmul.o)
    0x080003fa   0x000000de   Code   RO         2135    .text               mf_w.l(ddiv.o)
    0x080004d8   0x00000022   Code   RO         2137    .text               mf_w.l(dflti.o)
    0x080004fa   0x0000001a   Code   RO         2139    .text               mf_w.l(dfltui.o)
    0x08000514   0x0000003e   Code   RO         2141    .text               mf_w.l(dfixi.o)
    0x08000552   0x00000032   Code   RO         2143    .text               mf_w.l(dfixui.o)
    0x08000584   0x00000026   Code   RO         2145    .text               mf_w.l(f2d.o)
    0x080005aa   0x00000038   Code   RO         2149    .text               mf_w.l(d2f.o)
    0x080005e2   0x0000002c   Code   RO         2168    .text               mc_w.l(uidiv.o)
    0x0800060e   0x00000062   Code   RO         2170    .text               mc_w.l(uldiv.o)
    0x08000670   0x0000001e   Code   RO         2172    .text               mc_w.l(llshl.o)
    0x0800068e   0x00000024   Code   RO         2174    .text               mc_w.l(llsshr.o)
    0x080006b2   0x00000000   Code   RO         2176    .text               mc_w.l(iusefp.o)
    0x080006b2   0x0000006e   Code   RO         2177    .text               mf_w.l(fepilogue.o)
    0x08000720   0x000000ba   Code   RO         2179    .text               mf_w.l(depilogue.o)
    0x080007da   0x00000030   Code   RO         2181    .text               mf_w.l(dfixul.o)
    0x0800080a   0x00000002   PAD
    0x0800080c   0x00000030   Code   RO         2183    .text               mf_w.l(cdrcmple.o)
    0x0800083c   0x00000024   Code   RO         2185    .text               mc_w.l(init.o)
    0x08000860   0x00000002   Code   RO          239    i.BusFault_Handler  stm32f1xx_it.o
    0x08000862   0x00000002   Code   RO          240    i.DebugMon_Handler  stm32f1xx_it.o
    0x08000864   0x00000010   Code   RO          370    i.Delay             lcdtp.o
    0x08000874   0x00000006   Code   RO          241    i.EXTI4_IRQHandler  stm32f1xx_it.o
    0x0800087a   0x00000002   PAD
    0x0800087c   0x0000006c   Code   RO          242    i.EXTI9_5_IRQHandler  stm32f1xx_it.o
    0x080008e8   0x00000050   Code   RO          676    i.FSMC_NORSRAM_Extended_Timing_Init  stm32f1xx_ll_fsmc.o
    0x08000938   0x000000f4   Code   RO          677    i.FSMC_NORSRAM_Init  stm32f1xx_ll_fsmc.o
    0x08000a2c   0x00000050   Code   RO          678    i.FSMC_NORSRAM_Timing_Init  stm32f1xx_ll_fsmc.o
    0x08000a7c   0x00000028   Code   RO          801    i.HAL_Delay         stm32f1xx_hal.o
    0x08000aa4   0x00000068   Code   RO          327    i.HAL_FSMC_MspInit  stm32f1xx_hal_msp.o
    0x08000b0c   0x00000002   Code   RO         1100    i.HAL_GPIO_EXTI_Callback  stm32f1xx_hal_gpio.o
    0x08000b0e   0x00000002   PAD
    0x08000b10   0x00000018   Code   RO         1101    i.HAL_GPIO_EXTI_IRQHandler  stm32f1xx_hal_gpio.o
    0x08000b28   0x0000020c   Code   RO         1102    i.HAL_GPIO_Init     stm32f1xx_hal_gpio.o
    0x08000d34   0x0000000e   Code   RO         1104    i.HAL_GPIO_ReadPin  stm32f1xx_hal_gpio.o
    0x08000d42   0x0000000e   Code   RO         1106    i.HAL_GPIO_WritePin  stm32f1xx_hal_gpio.o
    0x08000d50   0x0000000c   Code   RO          805    i.HAL_GetTick       stm32f1xx_hal.o
    0x08000d5c   0x00000010   Code   RO          809    i.HAL_IncTick       stm32f1xx_hal.o
    0x08000d6c   0x00000024   Code   RO          810    i.HAL_Init          stm32f1xx_hal.o
    0x08000d90   0x00000044   Code   RO          811    i.HAL_InitTick      stm32f1xx_hal.o
    0x08000dd4   0x0000003c   Code   RO          328    i.HAL_MspInit       stm32f1xx_hal_msp.o
    0x08000e10   0x00000018   Code   RO         1262    i.HAL_NVIC_EnableIRQ  stm32f1xx_hal_cortex.o
    0x08000e28   0x00000068   Code   RO         1268    i.HAL_NVIC_SetPriority  stm32f1xx_hal_cortex.o
    0x08000e90   0x00000024   Code   RO         1269    i.HAL_NVIC_SetPriorityGrouping  stm32f1xx_hal_cortex.o
    0x08000eb4   0x000001bc   Code   RO          957    i.HAL_RCC_ClockConfig  stm32f1xx_hal_rcc.o
    0x08001070   0x00000078   Code   RO          966    i.HAL_RCC_GetSysClockFreq  stm32f1xx_hal_rcc.o
    0x080010e8   0x00000400   Code   RO          969    i.HAL_RCC_OscConfig  stm32f1xx_hal_rcc.o
    0x080014e8   0x00000058   Code   RO         1710    i.HAL_SRAM_Init     stm32f1xx_hal_sram.o
    0x08001540   0x00000004   Code   RO          330    i.HAL_SRAM_MspInit  stm32f1xx_hal_msp.o
    0x08001544   0x00000028   Code   RO         1273    i.HAL_SYSTICK_Config  stm32f1xx_hal_cortex.o
    0x0800156c   0x00000002   Code   RO          243    i.HardFault_Handler  stm32f1xx_it.o
    0x0800156e   0x00000002   PAD
    0x08001570   0x00000018   Code   RO          371    i.LCD_BackLed_Control  lcdtp.o
    0x08001588   0x0000001a   Code   RO          372    i.LCD_Clear         lcdtp.o
    0x080015a2   0x00000002   PAD
    0x080015a4   0x00000050   Code   RO          373    i.LCD_DrawChar      lcdtp.o
    0x080015f4   0x00000022   Code   RO          377    i.LCD_DrawDot       lcdtp.o
    0x08001616   0x00000002   PAD
    0x08001618   0x0000009e   Code   RO          378    i.LCD_DrawLine      lcdtp.o
    0x080016b6   0x00000074   Code   RO          379    i.LCD_DrawRectButton  lcdtp.o
    0x0800172a   0x00000002   PAD
    0x0800172c   0x00000040   Code   RO          380    i.LCD_DrawString    lcdtp.o
    0x0800176c   0x0000001c   Code   RO          382    i.LCD_FillColor     lcdtp.o
    0x08001788   0x00000026   Code   RO          385    i.LCD_INIT          lcdtp.o
    0x080017ae   0x00000002   PAD
    0x080017b0   0x00000040   Code   RO          386    i.LCD_OpenWindow    lcdtp.o
    0x080017f0   0x00000178   Code   RO          387    i.LCD_REG_Config    lcdtp.o
    0x08001968   0x00000034   Code   RO          390    i.LCD_Rst           lcdtp.o
    0x0800199c   0x00000070   Code   RO           14    i.MX_FSMC_Init      main.o
    0x08001a0c   0x0000014c   Code   RO           15    i.MX_GPIO_Init      main.o
    0x08001b58   0x00000002   Code   RO          244    i.MemManage_Handler  stm32f1xx_it.o
    0x08001b5a   0x00000002   Code   RO          245    i.NMI_Handler       stm32f1xx_it.o
    0x08001b5c   0x00000002   Code   RO          246    i.PendSV_Handler    stm32f1xx_it.o
    0x08001b5e   0x00000002   PAD
    0x08001b60   0x00000024   Code   RO          970    i.RCC_Delay         stm32f1xx_hal_rcc.o
    0x08001b84   0x00000002   Code   RO          247    i.SVC_Handler       stm32f1xx_it.o
    0x08001b86   0x00000004   Code   RO          248    i.SysTick_Handler   stm32f1xx_it.o
    0x08001b8a   0x0000004e   Code   RO           16    i.SystemClock_Config  main.o
    0x08001bd8   0x00000048   Code   RO          595    i.SystemInit        system_stm32f1xx.o
    0x08001c20   0x00000002   Code   RO          249    i.UsageFault_Handler  stm32f1xx_it.o
    0x08001c22   0x00000018   Code   RO          529    i.XPT2046_DelayUS   xpt2046.o
    0x08001c3a   0x00000096   Code   RO          530    i.XPT2046_Get_TouchedPoint  xpt2046.o
    0x08001cd0   0x00000058   Code   RO          531    i.XPT2046_ReadAdc   xpt2046.o
    0x08001d28   0x0000013c   Code   RO          532    i.XPT2046_ReadAdc_Smooth_XY  xpt2046.o
    0x08001e64   0x00000064   Code   RO          534    i.XPT2046_WriteCMD  xpt2046.o
    0x08001ec8   0x00000028   Code   RO         2105    i.__0sprintf        mc_w.l(printfa.o)
    0x08001ef0   0x0000000e   Code   RO         2191    i.__scatterload_copy  mc_w.l(handlers.o)
    0x08001efe   0x00000002   Code   RO         2192    i.__scatterload_null  mc_w.l(handlers.o)
    0x08001f00   0x0000000e   Code   RO         2193    i.__scatterload_zeroinit  mc_w.l(handlers.o)
    0x08001f0e   0x00000002   PAD
    0x08001f10   0x00000184   Code   RO         2110    i._fp_digits        mc_w.l(printfa.o)
    0x08002094   0x000006dc   Code   RO         2111    i._printf_core      mc_w.l(printfa.o)
    0x08002770   0x00000024   Code   RO         2112    i._printf_post_padding  mc_w.l(printfa.o)
    0x08002794   0x0000002e   Code   RO         2113    i._printf_pre_padding  mc_w.l(printfa.o)
    0x080027c2   0x0000000a   Code   RO         2115    i._sputc            mc_w.l(printfa.o)
    0x080027cc   0x00000018   Code   RO           19    i.incrementInterruptTimer  main.o
    0x080027e4   0x000001a0   Code   RO           20    i.inputHour         main.o
    0x08002984   0x00000194   Code   RO           21    i.inputTurn         main.o
    0x08002b18   0x00000028   Code   RO           22    i.isTouched         main.o
    0x08002b40   0x00000090   Code   RO           23    i.loadData          main.o
    0x08002bd0   0x000001bc   Code   RO           24    i.main              main.o
    0x08002d8c   0x000001a8   Code   RO           26    i.rotateFullCycle   main.o
    0x08002f34   0x000000a8   Code   RO           27    i.saveData          main.o
    0x08002fdc   0x000000f8   Code   RO           28    i.selectInputType   main.o
    0x080030d4   0x000000f8   Code   RO           29    i.selectModel       main.o
    0x080031cc   0x000000d0   Code   RO           30    i.startRotate       main.o
    0x0800329c   0x00000108   Code   RO           31    i.startWinding      main.o
    0x080033a4   0x000005f0   Data   RO          393    .constdata          lcdtp.o
    0x08003994   0x00000010   Data   RO          596    .constdata          system_stm32f1xx.o
    0x080039a4   0x00000053   Data   RO           33    .conststring        main.o
    0x080039f7   0x00000001   PAD
    0x080039f8   0x00000020   Data   RO         2189    Region$$Table       anon$$obj.o


    Execution Region RW_IRAM1 (Base: 0x20000000, Size: 0x00000508, Max: 0x00010000, ABSOLUTE)

    Base Addr    Size         Type   Attr      Idx    E Section Name        Object

    0x20000000   0x00000070   Data   RW           34    .data               main.o
    0x20000070   0x00000008   Data   RW          331    .data               stm32f1xx_hal_msp.o
    0x20000078   0x00000038   Data   RW          535    .data               xpt2046.o
    0x200000b0   0x00000004   Data   RW          598    .data               system_stm32f1xx.o
    0x200000b4   0x0000000c   Data   RW          817    .data               stm32f1xx_hal.o
    0x200000c0   0x00000044   Zero   RW           32    .bss                main.o
    0x20000104   0x00000004   PAD
    0x20000108   0x00000400   Zero   RW            1    STACK               startup_stm32f103xe.o


==============================================================================

Image component sizes


      Code (inc. data)   RO Data    RW Data    ZI Data      Debug   Object Name

      1076         42       1520          0          0      12595   lcdtp.o
      3554        854         83        112         68     465390   main.o
        36          8        304          0       1024        808   startup_stm32f103xe.o
       172         30          0         12          0       6545   stm32f1xx_hal.o
       204         16          0          0          0      25519   stm32f1xx_hal_cortex.o
       578         18          0          0          0       4679   stm32f1xx_hal_gpio.o
       168         24          0          8          0       2173   stm32f1xx_hal_msp.o
      1624         72          0          0          0       5228   stm32f1xx_hal_rcc.o
        88          0          0          0          0       1212   stm32f1xx_hal_sram.o
       134         46          0          0          0       4782   stm32f1xx_it.o
       404         10          0          0          0       2707   stm32f1xx_ll_fsmc.o
        72         16         16          4          0       1171   system_stm32f1xx.o
       678         20          0         56          0       5710   xpt2046.o

    ----------------------------------------------------------------------
      8804       1156       1956        192       1096     538519   Object Totals
         0          0         32          0          0          0   (incl. Generated)
        16          0          1          0          4          0   (incl. Padding)

    ----------------------------------------------------------------------

      Code (inc. data)   RO Data    RW Data    ZI Data      Debug   Library Member Name

         0          0          0          0          0          0   entry.o
         0          0          0          0          0          0   entry10a.o
         0          0          0          0          0          0   entry11a.o
         8          4          0          0          0          0   entry2.o
         4          0          0          0          0          0   entry5.o
         0          0          0          0          0          0   entry7b.o
         0          0          0          0          0          0   entry8b.o
         8          4          0          0          0          0   entry9a.o
        30          0          0          0          0          0   handlers.o
        36          8          0          0          0         68   init.o
         0          0          0          0          0          0   iusefp.o
        30          0          0          0          0         68   llshl.o
        36          0          0          0          0         68   llsshr.o
        32          0          0          0          0         68   llushr.o
        36          0          0          0          0        108   memseta.o
      2276         86          0          0          0        520   printfa.o
        28          0          0          0          0         76   strcmp.o
        44          0          0          0          0         80   uidiv.o
        98          0          0          0          0         92   uldiv.o
        48          0          0          0          0         68   cdrcmple.o
        56          0          0          0          0         88   d2f.o
       334          0          0          0          0        148   dadd.o
       222          0          0          0          0        100   ddiv.o
       186          0          0          0          0        176   depilogue.o
        62          0          0          0          0         80   dfixi.o
        50          0          0          0          0         76   dfixui.o
        48          0          0          0          0         68   dfixul.o
        34          0          0          0          0         76   dflti.o
        26          0          0          0          0         76   dfltui.o
       228          0          0          0          0         96   dmul.o
        38          0          0          0          0         68   f2d.o
       110          0          0          0          0        168   fepilogue.o

    ----------------------------------------------------------------------
      4112        102          0          0          0       2436   Library Totals
         4          0          0          0          0          0   (incl. Padding)

    ----------------------------------------------------------------------

      Code (inc. data)   RO Data    RW Data    ZI Data      Debug   Library Name

      2666        102          0          0          0       1148   mc_w.l
      1442          0          0          0          0       1288   mf_w.l

    ----------------------------------------------------------------------
      4112        102          0          0          0       2436   Library Totals

    ----------------------------------------------------------------------

==============================================================================


      Code (inc. data)   RO Data    RW Data    ZI Data      Debug   

     12916       1258       1956        192       1096     536479   Grand Totals
     12916       1258       1956        192       1096     536479   ELF Image Totals
     12916       1258       1956        192          0          0   ROM Totals

==============================================================================

    Total RO  Size (Code + RO Data)                14872 (  14.52kB)
    Total RW  Size (RW Data + ZI Data)              1288 (   1.26kB)
    Total ROM Size (Code + RO Data + RW Data)      15064 (  14.71kB)

==============================================================================

